Component: ARM Compiler 5.06 update 4 (build 422) Tool: armlink [4d35d2]

==============================================================================

Section Cross References

    test.o(.text) refers to uart.o(.text) for uart_init
    test.o(.text) refers to dht.o(.text) for dht11_init
    test.o(.text) refers to timer.o(.text) for mdelay
    speaker.o(.text) refers to aeabi_sdiv.o(.text) for __aeabi_uidivmod
    speaker.o(.text) refers to timer.o(.text) for mdelay
    speaker.o(.text) refers to system_lpc11xx.o(.data) for SystemCoreClock
    timer.o(.text) refers to aeabi_sdiv.o(.text) for __aeabi_uidivmod
    timer.o(.text) refers to system_lpc11xx.o(.data) for SystemCoreClock
    music.o(.text) refers to rt_memcpy.o(.emb_text) for __aeabi_memcpy4
    music.o(.text) refers to speaker.o(.text) for speaker_pwm_config
    music.o(.text) refers to timer.o(.text) for mdelay
    music.o(.text) refers to music.o(.constdata) for .constdata
    dht.o(.text) refers to _printf_percent.o(.ARM.Collect$$_printf_percent$$00000000) for _printf_percent
    dht.o(.text) refers to _printf_d.o(.ARM.Collect$$_printf_percent$$00000009) for _printf_d
    dht.o(.text) refers to _printf_dec.o(.text) for _printf_int_dec
    dht.o(.text) refers to timer.o(.text) for mdelay
    dht.o(.text) refers to noretval__2printf.o(.text) for __2printf
    startup_lpc11xx.o(STACK) refers (Special) to heapauxi.o(.text) for __use_two_region_memory
    startup_lpc11xx.o(HEAP) refers (Special) to heapauxi.o(.text) for __use_two_region_memory
    startup_lpc11xx.o(RESET) refers (Special) to heapauxi.o(.text) for __use_two_region_memory
    startup_lpc11xx.o(RESET) refers to startup_lpc11xx.o(STACK) for __initial_sp
    startup_lpc11xx.o(RESET) refers to startup_lpc11xx.o(.text) for Reset_Handler
    startup_lpc11xx.o(.ARM.__at_0x02FC) refers (Special) to heapauxi.o(.text) for __use_two_region_memory
    startup_lpc11xx.o(.text) refers (Special) to heapauxi.o(.text) for __use_two_region_memory
    startup_lpc11xx.o(.text) refers to system_lpc11xx.o(.text) for SystemInit
    startup_lpc11xx.o(.text) refers to __main.o(!!!main) for __main
    startup_lpc11xx.o(.text) refers to startup_lpc11xx.o(HEAP) for Heap_Mem
    startup_lpc11xx.o(.text) refers to startup_lpc11xx.o(STACK) for Stack_Mem
    system_lpc11xx.o(.text) refers to system_lpc11xx.o(i.__ARM_common_switch8) for __ARM_common_switch8
    system_lpc11xx.o(.text) refers to aeabi_sdiv.o(.text) for __aeabi_uidivmod
    system_lpc11xx.o(.text) refers to system_lpc11xx.o(.data) for SystemCoreClock
    __2printf.o(.text) refers to _printf_char_file.o(.text) for _printf_char_file
    __2printf.o(.text) refers to stdio_streams.o(.bss) for __stdout
    noretval__2printf.o(.text) refers to _printf_char_file.o(.text) for _printf_char_file
    noretval__2printf.o(.text) refers to stdio_streams.o(.bss) for __stdout
    __printf.o(.text) refers to _printf_percent.o(.ARM.Collect$$_printf_percent$$00000000) for _printf_percent
    _printf_dec.o(.text) refers to rtudiv10.o(.text) for __rt_udiv10
    _printf_dec.o(.text) refers to _printf_intcommon.o(.text) for _printf_int_common
    __printf_flags.o(.text) refers to _printf_percent.o(.ARM.Collect$$_printf_percent$$00000000) for _printf_percent
    __printf_flags.o(.text) refers to __printf_flags.o(.constdata) for .constdata
    __printf_ss.o(.text) refers to _printf_percent.o(.ARM.Collect$$_printf_percent$$00000000) for _printf_percent
    __printf_flags_ss.o(.text) refers to _printf_percent.o(.ARM.Collect$$_printf_percent$$00000000) for _printf_percent
    __printf_flags_ss.o(.text) refers to __printf_flags_ss.o(.constdata) for .constdata
    __printf_wp.o(.text) refers to __printf_wp.o(i._is_digit) for _is_digit
    __printf_wp.o(.text) refers to _printf_percent.o(.ARM.Collect$$_printf_percent$$00000000) for _printf_percent
    __printf_flags_wp.o(.text) refers to __printf_wp.o(i._is_digit) for _is_digit
    __printf_flags_wp.o(.text) refers to _printf_percent.o(.ARM.Collect$$_printf_percent$$00000000) for _printf_percent
    __printf_flags_wp.o(.text) refers to __printf_flags_wp.o(.constdata) for .constdata
    __printf_ss_wp.o(.text) refers to __printf_wp.o(i._is_digit) for _is_digit
    __printf_ss_wp.o(.text) refers to _printf_percent.o(.ARM.Collect$$_printf_percent$$00000000) for _printf_percent
    __printf_flags_ss_wp.o(.text) refers to __printf_wp.o(i._is_digit) for _is_digit
    __printf_flags_ss_wp.o(.text) refers to _printf_percent.o(.ARM.Collect$$_printf_percent$$00000000) for _printf_percent
    __printf_flags_ss_wp.o(.text) refers to __printf_flags_ss_wp.o(.constdata) for .constdata
    _printf_d.o(.ARM.Collect$$_printf_percent$$00000009) refers (Weak) to _printf_dec.o(.text) for _printf_int_dec
    _printf_percent.o(.ARM.Collect$$_printf_percent$$00000000) refers (Special) to _printf_percent_end.o(.ARM.Collect$$_printf_percent$$00000017) for _printf_percent_end
    rt_memcpy.o(.text) refers to rt_memcpy.o(.emb_text) for __aeabi_memcpy4
[...]
    initio.o(.text) refers to fopen.o(.text) for freopen
    initio.o(.text) refers to defsig_rtred_outer.o(.text) for __rt_SIGRTRED
    initio.o(.text) refers to setvbuf.o(.text) for setvbuf
    initio.o(.text) refers to fclose.o(.text) for _fclose_internal
    initio.o(.text) refers to h1_free.o(.text) for free
    initio.o(.text) refers to stdio_streams.o(.bss) for __stdin
    initio.o(.text) refers to stdio_streams.o(.bss) for __stdout
    initio.o(.text) refers to stdio_streams.o(.bss) for __stderr
    initio.o(.text) refers to stdio_streams.o(.data) for __aeabi_stdin
    initio.o(.text) refers to stdio_streams.o(.data) for __aeabi_stdout
    initio.o(.text) refers to stdio_streams.o(.data) for __aeabi_stderr
    initio.o(.text) refers to sys_io.o(.constdata) for __stdin_name
    initio.o(.text) refers to sys_io.o(.constdata) for __stdout_name
    initio.o(.text) refers to sys_io.o(.constdata) for __stderr_name
    initio_locked.o(.text) refers (Special) to libinit2.o(.ARM.Collect$$libinit$$00000024) for __rt_lib_init_stdio_2
    initio_locked.o(.text) refers (Special) to libshutdown2.o(.ARM.Collect$$libshutdown$$00000003) for __rt_lib_shutdown_stdio_2
    initio_locked.o(.text) refers to rt_memclr.o(.text) for __aeabi_memclr4
    initio_locked.o(.text) refers to fopen.o(.text) for freopen
    initio_locked.o(.text) refers to defsig_rtred_outer.o(.text) for __rt_SIGRTRED
    initio_locked.o(.text) refers to setvbuf.o(.text) for setvbuf
    initio_locked.o(.text) refers to fclose.o(.text) for _fclose_internal
    initio_locked.o(.text) refers to h1_free.o(.text) for free
    initio_locked.o(.text) refers to stdio_streams.o(.bss) for __stdin
    initio_locked.o(.text) refers to stdio_streams.o(.bss) for __stdout
    initio_locked.o(.text) refers to stdio_streams.o(.bss) for __stderr
    initio_locked.o(.text) refers to stdio_streams.o(.data) for __aeabi_stdin
    initio_locked.o(.text) refers to stdio_streams.o(.data) for __aeabi_stdout
    initio_locked.o(.text) refers to stdio_streams.o(.data) for __aeabi_stderr
    initio_locked.o(.text) refers to streamlock.o(.data) for _stream_list_lock
    initio_locked.o(.text) refers to sys_io.o(.constdata) for __stdin_name
    initio_locked.o(.text) refers to sys_io.o(.constdata) for __stdout_name
    initio_locked.o(.text) refers to sys_io.o(.constdata) for __stderr_name
    sys_io.o(.text) refers (Special) to use_no_semi.o(.text) for __I$use$semihosting
    sys_io.o(.text) refers (Special) to indicate_semi.o(.text) for __semihosting_library_function
    sys_io.o(.text) refers to strlen.o(.text) for strlen
    sys_io.o(.constdata) refers (Special) to use_no_semi.o(.text) for __I$use$semihosting
    sys_io.o(.constdata) refers (Special) to indicate_semi.o(.text) for __semihosting_library_function
    sys_io.o(.constdata) refers (Special) to use_no_semi.o(.text) for __I$use$semihosting
    sys_io.o(.constdata) refers (Special) to indicate_semi.o(.text) for __semihosting_library_function
    sys_io.o(.constdata) refers (Special) to use_no_semi.o(.text) for __I$use$semihosting
    sys_io.o(.constdata) refers (Special) to indicate_semi.o(.text) for __semihosting_library_function
    sys_stackheap_outer.o(.text) refers to libspace.o(.text) for __user_perproc_libspace
    sys_stackheap_outer.o(.text) refers to startup_lpc11xx.o(.text) for __user_initial_stackheap
    sys_stackheap_outer.o(__vectab_stack_and_reset_area) refers to tempstk.o(.text) for __temporary_stack_top
    sys_stackheap_outer.o(__vectab_stack_and_reset_area) refers to __main.o(!!!main) for __main
    free.o(.text) refers (Special) to hguard.o(.text) for __heap$guard
    free.o(.text) refers to rt_heap_descriptor_intlibspace.o(.text) for __rt_heap_descriptor
    h1_free.o(.text) refers to rt_heap_descriptor_intlibspace.o(.text) for __rt_heap_descriptor
    h1_free_mt.o(.text) refers to rt_heap_descriptor_intlibspace.o(.text) for __rt_heap_descriptor
    heap2.o(i._FDIterate) refers to heap2.o(.conststring) for .conststring
    heap2.o(i.___Heap_ProvideMemory$realtime) refers to fdtree.o(i._FDTree_Delete) for _FDTree_Delete
    heap2.o(i.___Heap_ProvideMemory$realtime) refers to fdtree.o(i._FDTree_Insert) for _FDTree_Insert
    heap2.o(i.___Heap_Stats$realtime) refers to heap2.o(i._Heap2_StatsIterate) for _Heap2_StatsIterate
    heap2.o(i.___Heap_Stats$realtime) refers to aeabi_sdiv.o(.text) for __aeabi_uidivmod
    heap2.o(i.___Heap_Valid$realtime) refers to heap2.o(i._FDIterate) for _FDIterate
    heap2.o(i.___Heap_Valid$realtime) refers to heap2.o(.conststring) for .conststring
    heap2.o(i._free$realtime) refers to rt_heap_descriptor_intlibspace.o(.text) for __rt_heap_descriptor
    heap2.o(i._free$realtime) refers to fdtree.o(i._FDTree_Delete) for _FDTree_Delete
    heap2.o(i._free$realtime) refers to fdtree.o(i._FDTree_Insert) for _FDTree_Insert
    heap2.o(i._malloc$realtime) refers to rt_heap_descriptor_intlibspace.o(.text) for __rt_heap_descriptor
    heap2.o(i._malloc$realtime) refers to fdtree.o(i._FDTree_FindFirst) for _FDTree_FindFirst
    heap2.o(i._malloc$realtime) refers to init_alloc.o(.text) for __Heap_Full
    heap2.o(i._malloc$realtime) refers to fdtree.o(i._FDTree_RemoveNode) for _FDTree_RemoveNode
    heap2.o(i._malloc$realtime) refers to fdtree.o(i._FDTree_Insert) for _FDTree_Insert
    heap2.o(i._posix_memalign$realtime) refers to rt_heap_descriptor_intlibspace.o(.text) for __rt_heap_descriptor
    heap2.o(i._posix_memalign$realtime) refers to fdtree.o(i._FDTree_FindFirst) for _FDTree_FindFirst
    heap2.o(i._posix_memalign$realtime) refers to init_alloc.o(.text) for __Heap_Full
    heap2.o(i._posix_memalign$realtime) refers to fdtree.o(i._FDTree_RemoveNode) for _FDTree_RemoveNode
    heap2.o(i._posix_memalign$realtime) refers to fdtree.o(i._FDTree_Insert) for _FDTree_Insert
    heap2.o(i._realloc$realtime) refers to rt_heap_descriptor_intlibspace.o(.text) for __rt_heap_descriptor
    heap2.o(i._realloc$realtime) refers to h1_free.o(.text) for free
    heap2.o(i._realloc$realtime) refers to h1_alloc.o(.text) for malloc
    heap2.o(i._realloc$realtime) refers to fdtree.o(i._FDTree_Delete) for _FDTree_Delete
    heap2.o(i._realloc$realtime) refers to fdtree.o(i._FDTree_Insert) for _FDTree_Insert
    heap2.o(i._realloc$realtime) refers to rt_memcpy.o(.emb_text) for __aeabi_memcpy4
    heap2mt.o(i._FDIterate) refers to heap2mt.o(.conststring) for .conststring
    heap2mt.o(i.___Heap_ProvideMemory$realtime$concurrent) refers to fdtree.o(i._FDTree_Delete) for _FDTree_Delete
    heap2mt.o(i.___Heap_ProvideMemory$realtime$concurrent) refers to fdtree.o(i._FDTree_Insert) for _FDTree_Insert
    heap2mt.o(i.___Heap_Stats$realtime$concurrent) refers to heap2mt.o(i._Heap2_StatsIterate) for _Heap2_StatsIterate
    heap2mt.o(i.___Heap_Stats$realtime$concurrent) refers to aeabi_sdiv.o(.text) for __aeabi_uidivmod
    heap2mt.o(i.___Heap_Valid$realtime$concurrent) refers to heap2mt.o(i._FDIterate) for _FDIterate
    heap2mt.o(i.___Heap_Valid$realtime$concurrent) refers to heap2mt.o(.conststring) for .conststring
    heap2mt.o(i._free$realtime$concurrent) refers to rt_heap_descriptor_intlibspace.o(.text) for __rt_heap_descriptor
    heap2mt.o(i._free$realtime$concurrent) refers to fdtree.o(i._FDTree_Delete) for _FDTree_Delete
    heap2mt.o(i._free$realtime$concurrent) refers to fdtree.o(i._FDTree_Insert) for _FDTree_Insert
    heap2mt.o(i._malloc$realtime$concurrent) refers to rt_heap_descriptor_intlibspace.o(.text) for __rt_heap_descriptor
    heap2mt.o(i._malloc$realtime$concurrent) refers to fdtree.o(i._FDTree_FindFirst) for _FDTree_FindFirst
    heap2mt.o(i._malloc$realtime$concurrent) refers to init_alloc.o(.text) for __Heap_Full
    heap2mt.o(i._malloc$realtime$concurrent) refers to fdtree.o(i._FDTree_RemoveNode) for _FDTree_RemoveNode
    heap2mt.o(i._malloc$realtime$concurrent) refers to fdtree.o(i._FDTree_Insert) for _FDTree_Insert
    heap2mt.o(i._posix_memalign$realtime$concurrent) refers to rt_heap_descriptor_intlibspace.o(.text) for __rt_heap_descriptor
    heap2mt.o(i._posix_memalign$realtime$concurrent) refers to fdtree.o(i._FDTree_FindFirst) for _FDTree_FindFirst
    heap2mt.o(i._posix_memalign$realtime$concurrent) refers to init_alloc.o(.text) for __Heap_Full
    heap2mt.o(i._posix_memalign$realtime$concurrent) refers to fdtree.o(i._FDTree_RemoveNode) for _FDTree_RemoveNode
    heap2mt.o(i._posix_memalign$realtime$concurrent) refers to fdtree.o(i._FDTree_Insert) for _FDTree_Insert
    heap2mt.o(i._realloc$realtime$concurrent) refers to rt_heap_descriptor_intlibspace.o(.text) for __rt_heap_descriptor
    heap2mt.o(i._realloc$realtime$concurrent) refers to h1_free.o(.text) for free
    heap2mt.o(i._realloc$realtime$concurrent) refers to h1_alloc.o(.text) for malloc
    heap2mt.o(i._realloc$realtime$concurrent) refers to fdtree.o(i._FDTree_Delete) for _FDTree_Delete
    heap2mt.o(i._realloc$realtime$concurrent) refers to fdtree.o(i._FDTree_Insert) for _FDTree_Insert
    heap2mt.o(i._realloc$realtime$concurrent) refers to rt_memcpy.o(.emb_text) for __aeabi_memcpy4
    streamlock.o(.data) refers (Special) to initio.o(.text) for _initio
    fopen.o(.text) refers to fclose.o(.text) for _fclose_internal
    fopen.o(.text) refers to sys_io.o(.text) for _sys_open
    fopen.o(.text) refers to fseek.o(.text) for _fseek
    fopen.o(.text) refers to h1_alloc.o(.text) for malloc
    fopen.o(.text) refers to rt_memclr.o(.text) for __aeabi_memclr4
    fopen.o(.text) refers to stdio_streams.o(.bss) for __stdin
    fclose.o(.text) refers to stdio.o(.text) for _fflush
    fclose.o(.text) refers to sys_io.o(.text) for _sys_close
    fclose.o(.text) refers to h1_free.o(.text) for free
    fclose.o(.text) refers to rt_memclr.o(.text) for __aeabi_memclr4
    fopen_locked.o(.text) refers to fclose.o(.text) for _fclose_internal
    fopen_locked.o(.text) refers to sys_io.o(.text) for _sys_open
    fopen_locked.o(.text) refers to fseek.o(.text) for _fseek
    fopen_locked.o(.text) refers to h1_alloc.o(.text) for malloc
    fopen_locked.o(.text) refers to rt_memclr.o(.text) for __aeabi_memclr4
    fopen_locked.o(.text) refers to streamlock.o(.data) for _stream_list_lock
    fopen_locked.o(.text) refers to stdio_streams.o(.bss) for __stdin
    exit.o(.text) refers to rtexit.o(.ARM.Collect$$rtexit$$00000000) for __rt_exit
    defsig_fpe_outer.o(.text) refers to defsig_fpe_inner.o(.text) for __rt_SIGFPE_inner
    defsig_fpe_outer.o(.text) refers to defsig_exit.o(.text) for __sig_exit
    defsig_fpe_formal.o(.text) refers to rt_raise.o(.text) for __rt_raise
    defsig_rtred_outer.o(.text) refers to defsig_rtred_inner.o(.text) for __rt_SIGRTRED_inner
    defsig_rtred_outer.o(.text) refers to defsig_exit.o(.text) for __sig_exit
    defsig_rtred_formal.o(.text) refers to rt_raise.o(.text) for __rt_raise
    libinit.o(.ARM.Collect$$libinit$$00000000) refers (Special) to libinit2.o(.ARM.Collect$$libinit$$0000002E) for __rt_lib_init_alloca_1
    libinit.o(.ARM.Collect$$libinit$$00000000) refers (Special) to libinit2.o(.ARM.Collect$$libinit$$0000002C) for __rt_lib_init_argv_1
    libinit.o(.ARM.Collect$$libinit$$00000000) refers (Special) to libinit2.o(.ARM.Collect$$libinit$$0000001B) for __rt_lib_init_atexit_1
    libinit.o(.ARM.Collect$$libinit$$00000000) refers (Special) to libinit2.o(.ARM.Collect$$libinit$$00000021) for __rt_lib_init_clock_1
    libinit.o(.ARM.Collect$$libinit$$00000000) refers (Special) to libinit2.o(.ARM.Collect$$libinit$$00000032) for __rt_lib_init_cpp_1
    libinit.o(.ARM.Collect$$libinit$$00000000) refers (Special) to libinit2.o(.ARM.Collect$$libinit$$00000030) for __rt_lib_init_exceptions_1
    libinit.o(.ARM.Collect$$libinit$$00000000) refers (Special) to libinit2.o(.ARM.Collect$$libinit$$00000002) for __rt_lib_init_fp_1
    libinit.o(.ARM.Collect$$libinit$$00000000) refers (Special) to libinit2.o(.ARM.Collect$$libinit$$0000001F) for __rt_lib_init_fp_trap_1
    libinit.o(.ARM.Collect$$libinit$$00000000) refers (Special) to libinit2.o(.ARM.Collect$$libinit$$00000023) for __rt_lib_init_getenv_1
    libinit.o(.ARM.Collect$$libinit$$00000000) refers (Special) to libinit2.o(.ARM.Collect$$libinit$$0000000A) for __rt_lib_init_heap_1
    libinit.o(.ARM.Collect$$libinit$$00000000) refers (Special) to libinit2.o(.ARM.Collect$$libinit$$00000011) for __rt_lib_init_lc_collate_1
    libinit.o(.ARM.Collect$$libinit$$00000000) refers (Special) to libinit2.o(.ARM.Collect$$libinit$$00000013) for __rt_lib_init_lc_ctype_1
    libinit.o(.ARM.Collect$$libinit$$00000000) refers (Special) to libinit2.o(.ARM.Collect$$libinit$$00000015) for __rt_lib_init_lc_monetary_1
    libinit.o(.ARM.Collect$$libinit$$00000000) refers (Special) to libinit2.o(.ARM.Collect$$libinit$$00000017) for __rt_lib_init_lc_numeric_1
    libinit.o(.ARM.Collect$$libinit$$00000000) refers (Special) to libinit2.o(.ARM.Collect$$libinit$$00000019) for __rt_lib_init_lc_time_1
    libinit.o(.ARM.Collect$$libinit$$00000000) refers (Special) to libinit2.o(.ARM.Collect$$libinit$$00000004) for __rt_lib_init_preinit_1
    libinit.o(.ARM.Collect$$libinit$$00000000) refers (Special) to libinit2.o(.ARM.Collect$$libinit$$0000000E) for __rt_lib_init_rand_1
    libinit.o(.ARM.Collect$$libinit$$00000000) refers (Special) to libinit2.o(.ARM.Collect$$libinit$$00000033) for __rt_lib_init_return
    libinit.o(.ARM.Collect$$libinit$$00000000) refers (Special) to libinit2.o(.ARM.Collect$$libinit$$0000001D) for __rt_lib_init_signal_1
    libinit.o(.ARM.Collect$$libinit$$00000000) refers (Special) to libinit2.o(.ARM.Collect$$libinit$$00000025) for __rt_lib_init_stdio_1
    libinit.o(.ARM.Collect$$libinit$$00000000) refers (Special) to libinit2.o(.ARM.Collect$$libinit$$0000000C) for __rt_lib_init_user_alloc_1
    libinit2.o(.ARM.Collect$$libinit$$00000005) refers (Weak) to init_alloc.o(.text) for _init_alloc
    libinit2.o(.ARM.Collect$$libinit$$00000010) refers to libinit2.o(.ARM.Collect$$libinit$$0000000F) for .ARM.Collect$$libinit$$0000000F
    libinit2.o(.ARM.Collect$$libinit$$00000012) refers to libinit2.o(.ARM.Collect$$libinit$$0000000F) for .ARM.Collect$$libinit$$0000000F
    libinit2.o(.ARM.Collect$$libinit$$00000014) refers to libinit2.o(.ARM.Collect$$libinit$$0000000F) for .ARM.Collect$$libinit$$0000000F
    libinit2.o(.ARM.Collect$$libinit$$00000016) refers to libinit2.o(.ARM.Collect$$libinit$$0000000F) for .ARM.Collect$$libinit$$0000000F
    libinit2.o(.ARM.Collect$$libinit$$00000018) refers to libinit2.o(.ARM.Collect$$libinit$$0000000F) for .ARM.Collect$$libinit$$0000000F
    libinit2.o(.ARM.Collect$$libinit$$00000024) refers (Weak) to initio.o(.text) for _initio
    libinit2.o(.ARM.Collect$$libinit$$00000026) refers to argv_veneer.o(.text) for __ARM_argv_veneer
    libinit2.o(.ARM.Collect$$libinit$$00000027) refers to argv_veneer.o(.text) for __ARM_argv_veneer
    libshutdown2.o(.ARM.Collect$$libshutdown$$00000003) refers (Weak) to initio.o(.text) for _terminateio
    libshutdown2.o(.ARM.Collect$$libshutdown$$0000000D) refers (Weak) to term_alloc.o(.text) for _terminate_alloc
    libspace.o(.text) refers to libspace.o(.bss) for __libspace_start
    rtexit.o(.ARM.Collect$$rtexit$$00000000) refers (Special) to rtexit2.o(.ARM.Collect$$rtexit$$00000004) for __rt_exit_exit
    rtexit.o(.ARM.Collect$$rtexit$$00000000) refers (Special) to rtexit2.o(.ARM.Collect$$rtexit$$00000003) for __rt_exit_ls
    rtexit.o(.ARM.Collect$$rtexit$$00000000) refers (Special) to rtexit2.o(.ARM.Collect$$rtexit$$00000002) for __rt_exit_prels_1
    rtexit.o(.ARM.exidx) refers (Special) to rtexit2.o(.ARM.Collect$$rtexit$$00000004) for __rt_exit_exit
    rtexit.o(.ARM.exidx) refers (Special) to rtexit2.o(.ARM.Collect$$rtexit$$00000003) for __rt_exit_ls
    rtexit.o(.ARM.exidx) refers (Special) to rtexit2.o(.ARM.Collect$$rtexit$$00000002) for __rt_exit_prels_1
    rtexit.o(.ARM.exidx) refers to rtexit.o(.ARM.Collect$$rtexit$$00000000) for .ARM.Collect$$rtexit$$00000000
    rt_raise.o(.text) refers to __raise.o(.text) for __raise
    rt_raise.o(.text) refers to sys_exit.o(.text) for _sys_exit
    rt_heap_descriptor.o(.text) refers to rt_heap_descriptor.o(.bss) for __rt_heap_descriptor_data
    rt_heap_descriptor_intlibspace.o(.text) refers to libspace.o(.bss) for __libspace_start
    init_alloc.o(.text) refers (Special) to hguard.o(.text) for __heap$guard
    init_alloc.o(.text) refers (Special) to libinit2.o(.ARM.Collect$$libinit$$00000005) for __rt_lib_init_heap_2
    init_alloc.o(.text) refers (Special) to maybetermalloc1.o(.emb_text) for _maybe_terminate_alloc
    init_alloc.o(.text) refers to h1_extend.o(.text) for __Heap_ProvideMemory
    init_alloc.o(.text) refers to defsig_rtmem_outer.o(.text) for __rt_SIGRTMEM
    init_alloc.o(.text) refers to rt_heap_descriptor_intlibspace.o(.text) for __rt_heap_descriptor
    init_alloc.o(.text) refers to h1_init.o(.text) for __Heap_Initialize
    malloc.o(.text) refers (Special) to hguard.o(.text) for __heap$guard
    malloc.o(.text) refers (Special) to init_alloc.o(.text) for _init_alloc
    malloc.o(.text) refers to rt_heap_descriptor_intlibspace.o(.text) for __rt_heap_descriptor
    h1_alloc.o(.text) refers (Special) to h1_init.o(.text) for __Heap_Initialize
    h1_alloc.o(.text) refers to rt_heap_descriptor_intlibspace.o(.text) for __rt_heap_descriptor
    h1_alloc.o(.text) refers to init_alloc.o(.text) for __Heap_Full
    h1_alloc_mt.o(.text) refers (Special) to h1_init.o(.text) for __Heap_Initialize
    h1_alloc_mt.o(.text) refers to init_alloc.o(.text) for __Heap_Full
    h1_alloc_mt.o(.text) refers to rt_heap_descriptor_intlibspace.o(.text) for __rt_heap_descriptor
    fseek.o(.text) refers to sys_io.o(.text) for _sys_istty
    fseek.o(.text) refers to ftell.o(.text) for _ftell_internal
    fseek.o(.text) refers to stdio.o(.text) for _seterr
    stdio.o(.text) refers to sys_io.o(.text) for _sys_seek
    defsig_exit.o(.text) refers to sys_exit.o(.text) for _sys_exit
    defsig_fpe_inner.o(.text) refers to defsig_general.o(.text) for __default_signal_display
    defsig_rtred_inner.o(.text) refers to defsig_general.o(.text) for __default_signal_display
    sys_exit.o(.text) refers (Special) to use_no_semi.o(.text) for __I$use$semihosting
    sys_exit.o(.text) refers (Special) to indicate_semi.o(.text) for __semihosting_library_function
    rtexit2.o(.ARM.Collect$$rtexit$$00000003) refers to libshutdown.o(.ARM.Collect$$libshutdown$$00000000) for __rt_lib_shutdown
    rtexit2.o(.ARM.Collect$$rtexit$$00000004) refers to sys_exit.o(.text) for _sys_exit
    rtexit2.o(.ARM.exidx) refers to rtexit2.o(.ARM.Collect$$rtexit$$00000001) for .ARM.Collect$$rtexit$$00000001
    rtexit2.o(.ARM.exidx) refers to rtexit2.o(.ARM.Collect$$rtexit$$00000003) for .ARM.Collect$$rtexit$$00000003
    rtexit2.o(.ARM.exidx) refers to rtexit2.o(.ARM.Collect$$rtexit$$00000004) for .ARM.Collect$$rtexit$$00000004
    maybetermalloc2.o(.emb_text) refers (Special) to term_alloc.o(.text) for _terminate_alloc
    h1_extend.o(.text) refers to h1_free.o(.text) for free
    h1_extend_mt.o(.text) refers to h1_free_mt.o(.text) for _free_internal
    ftell.o(.text) refers to rt_errno_addr_intlibspace.o(.text) for __aeabi_errno_addr
    __raise.o(.text) refers to defsig.o(CL$$defsig) for __default_signal_handler
    defsig_general.o(.text) refers to sys_wrch.o(.text) for _ttywrch
    defsig_rtmem_outer.o(.text) refers to defsig_rtmem_inner.o(.text) for __rt_SIGRTMEM_inner
    defsig_rtmem_outer.o(.text) refers to defsig_exit.o(.text) for __sig_exit
    defsig_rtmem_formal.o(.text) refers to rt_raise.o(.text) for __rt_raise
    heapauxa.o(.text) refers to heapauxa.o(.data) for .data
    _get_argv.o(.text) refers (Special) to hrguard.o(.text) for __heap_region$guard
    _get_argv.o(.text) refers to h1_alloc.o(.text) for malloc
    _get_argv.o(.text) refers to defsig_rtmem_outer.o(.text) for __rt_SIGRTMEM
    _get_argv.o(.text) refers to sys_command.o(.text) for _sys_command_string
    _get_argv_nomalloc.o(.text) refers (Special) to hrguard.o(.text) for __heap_region$guard
    _get_argv_nomalloc.o(.text) refers to defsig_rtmem_outer.o(.text) for __rt_SIGRTMEM
    _get_argv_nomalloc.o(.text) refers to sys_command.o(.text) for _sys_command_string
    sys_wrch.o(.text) refers (Special) to use_no_semi.o(.text) for __I$use$semihosting
    sys_wrch.o(.text) refers (Special) to indicate_semi.o(.text) for __semihosting_library_function
    sys_command.o(.text) refers (Special) to use_no_semi.o(.text) for __I$use$semihosting
    sys_command.o(.text) refers (Special) to indicate_semi.o(.text) for __semihosting_library_function
    rt_errno_addr.o(.text) refers to rt_errno_addr.o(.bss) for __aeabi_errno_addr_data
    rt_errno_addr_intlibspace.o(.text) refers to libspace.o(.bss) for __libspace_start
    term_alloc.o(.text) refers (Special) to libshutdown2.o(.ARM.Collect$$libshutdown$$0000000E) for __rt_lib_shutdown_heap_2
    term_alloc.o(.text) refers to rt_heap_descriptor_intlibspace.o(.text) for __rt_heap_descriptor
    defsig_rtmem_inner.o(.text) refers to defsig_general.o(.text) for __default_signal_display
    defsig.o(CL$$defsig) refers to defsig_fpe_inner.o(.text) for __rt_SIGFPE_inner
    defsig.o(CL$$defsig) refers to defsig_rtred_inner.o(.text) for __rt_SIGRTRED_inner
    defsig.o(CL$$defsig) refers to defsig_rtmem_inner.o(.text) for __rt_SIGRTMEM_inner
    libshutdown.o(.ARM.Collect$$libshutdown$$00000000) refers (Special) to libshutdown2.o(.ARM.Collect$$libshutdown$$00000002) for __rt_lib_shutdown_cpp_1
    libshutdown.o(.ARM.Collect$$libshutdown$$00000000) refers (Special) to libshutdown2.o(.ARM.Collect$$libshutdown$$00000007) for __rt_lib_shutdown_fp_trap_1
    libshutdown.o(.ARM.Collect$$libshutdown$$00000000) refers (Special) to libshutdown2.o(.ARM.Collect$$libshutdown$$0000000F) for __rt_lib_shutdown_heap_1
    libshutdown.o(.ARM.Collect$$libshutdown$$00000000) refers (Special) to libshutdown2.o(.ARM.Collect$$libshutdown$$00000010) for __rt_lib_shutdown_return
    libshutdown.o(.ARM.Collect$$libshutdown$$00000000) refers (Special) to libshutdown2.o(.ARM.Collect$$libshutdown$$0000000A) for __rt_lib_shutdown_signal_1
    libshutdown.o(.ARM.Collect$$libshutdown$$00000000) refers (Special) to libshutdown2.o(.ARM.Collect$$libshutdown$$00000004) for __rt_lib_shutdown_stdio_1
    libshutdown.o(.ARM.Collect$$libshutdown$$00000000) refers (Special) to libshutdown2.o(.ARM.Collect$$libshutdown$$0000000C) for __rt_lib_shutdown_user_alloc_1
    defsig_abrt_inner.o(.text) refers to defsig_general.o(.text) for __default_signal_display
    defsig_stak_inner.o(.text) refers to defsig_general.o(.text) for __default_signal_display
    defsig_pvfn_inner.o(.text) refers to defsig_general.o(.text) for __default_signal_display
    defsig_cppl_inner.o(.text) refers to defsig_general.o(.text) for __default_signal_display
    defsig_segv_inner.o(.text) refers to defsig_general.o(.text) for __default_signal_display
    defsig_other.o(.text) refers to defsig_general.o(.text) for __default_signal_display


==============================================================================

Removing Unused input sections from the image.

    Removing test.o(.rev16_text), (4 bytes).
    Removing test.o(.revsh_text), (4 bytes).
    Removing key.o(.rev16_text), (4 bytes).
    Removing key.o(.revsh_text), (4 bytes).
    Removing key.o(.text), (204 bytes).
    Removing led.o(.rev16_text), (4 bytes).
    Removing led.o(.revsh_text), (4 bytes).
    Removing led.o(.text), (96 bytes).
    Removing nled.o(.rev16_text), (4 bytes).
    Removing nled.o(.revsh_text), (4 bytes).
    Removing nled.o(.text), (204 bytes).
    Removing speaker.o(.rev16_text), (4 bytes).
    Removing speaker.o(.revsh_text), (4 bytes).
    Removing speaker.o(.text), (204 bytes).
    Removing timer.o(.rev16_text), (4 bytes).
    Removing timer.o(.revsh_text), (4 bytes).
    Removing wdt.o(.rev16_text), (4 bytes).
    Removing wdt.o(.revsh_text), (4 bytes).
    Removing wdt.o(.text), (80 bytes).
    Removing music.o(.rev16_text), (4 bytes).
    Removing music.o(.revsh_text), (4 bytes).
    Removing music.o(.text), (1564 bytes).
    Removing music.o(.constdata), (96 bytes).
    Removing uart.o(.rev16_text), (4 bytes).
    Removing uart.o(.revsh_text), (4 bytes).
    Removing ad.o(.rev16_text), (4 bytes).
    Removing ad.o(.revsh_text), (4 bytes).
    Removing ad.o(.text), (168 bytes).
    Removing dht.o(.rev16_text), (4 bytes).
    Removing dht.o(.revsh_text), (4 bytes).
    Removing system_lpc11xx.o(.rev16_text), (4 bytes).
    Removing system_lpc11xx.o(.revsh_text), (4 bytes).

32 unused section(s) (total 2712 bytes) removed from the image.

==============================================================================

Image Symbol Table

    Local Symbols

    Symbol Name                              Value     Ov Type        Size  Object(Section)

    RESET                                    0x00000000   Section      192  startup_lpc11xx.o(RESET)
    ../clib/angel/boardlib.s                 0x00000000   Number         0  boardshut.o ABSOLUTE
    ../clib/angel/boardlib.s                 0x00000000   Number         0  boardinit3.o ABSOLUTE
    ../clib/angel/boardlib.s                 0x00000000   Number         0  boardinit2.o ABSOLUTE
    ../clib/angel/boardlib.s                 0x00000000   Number         0  boardinit1.o ABSOLUTE
    ../clib/angel/handlers.s                 0x00000000   Number         0  __scatter_copy.o ABSOLUTE
    ../clib/angel/handlers.s                 0x00000000   Number         0  __scatter_zi.o ABSOLUTE
    ../clib/angel/kernel.s                   0x00000000   Number         0  rtexit.o ABSOLUTE
    ../clib/angel/kernel.s                   0x00000000   Number         0  __rtentry2.o ABSOLUTE
    ../clib/angel/kernel.s                   0x00000000   Number         0  __rtentry4.o ABSOLUTE
    ../clib/angel/kernel.s                   0x00000000   Number         0  __rtentry.o ABSOLUTE
    ../clib/angel/kernel.s                   0x00000000   Number         0  rtexit2.o ABSOLUTE
    ../clib/angel/rt.s                       0x00000000   Number         0  rt_div0.o ABSOLUTE
    ../clib/angel/rt.s                       0x00000000   Number         0  rt_errno_addr_intlibspace.o ABSOLUTE
    ../clib/angel/rt.s                       0x00000000   Number         0  aeabi_idiv0_sigfpe.o ABSOLUTE
    ../clib/angel/rt.s                       0x00000000   Number         0  rt_errno_addr.o ABSOLUTE
    ../clib/angel/rt.s                       0x00000000   Number         0  rt_heap_descriptor_intlibspace.o ABSOLUTE
    ../clib/angel/rt.s                       0x00000000   Number         0  rt_heap_descriptor.o ABSOLUTE
    ../clib/angel/rt.s                       0x00000000   Number         0  rt_raise.o ABSOLUTE
    ../clib/angel/rt.s                       0x00000000   Number         0  aeabi_idiv0.o ABSOLUTE
    ../clib/angel/scatterp.s                 0x00000000   Number         0  __scatter.o ABSOLUTE
    ../clib/angel/startup.s                  0x00000000   Number         0  __main.o ABSOLUTE
    ../clib/angel/sys.s                      0x00000000   Number         0  libspace.o ABSOLUTE
    ../clib/angel/sys.s                      0x00000000   Number         0  indicate_semi.o ABSOLUTE
    ../clib/angel/sys.s                      0x00000000   Number         0  mutex_dummy.o ABSOLUTE
    ../clib/angel/sys.s                      0x00000000   Number         0  sys_stackheap_outer.o ABSOLUTE
    ../clib/angel/sys.s                      0x00000000   Number         0  use_no_semi.o ABSOLUTE
    ../clib/angel/sys.s                      0x00000000   Number         0  tempstk.o ABSOLUTE
    ../clib/angel/sysapp.c                   0x00000000   Number         0  sys_io.o ABSOLUTE
    ../clib/angel/sysapp.c                   0x00000000   Number         0  sys_command.o ABSOLUTE
    ../clib/angel/sysapp.c                   0x00000000   Number         0  sys_wrch.o ABSOLUTE
    ../clib/angel/sysapp.c                   0x00000000   Number         0  sys_exit.o ABSOLUTE
    ../clib/armsys.c                         0x00000000   Number         0  argv_veneer.o ABSOLUTE
    ../clib/armsys.c                         0x00000000   Number         0  _get_argv.o ABSOLUTE
    ../clib/armsys.c                         0x00000000   Number         0  _get_argv_nomalloc.o ABSOLUTE
    ../clib/armsys.c                         0x00000000   Number         0  no_argv.o ABSOLUTE
    ../clib/division.c                       0x00000000   Number         0  rtudiv10.o ABSOLUTE
    ../clib/division.s                       0x00000000   Number         0  aeabi_sdiv.o ABSOLUTE
    ../clib/division.s                       0x00000000   Number         0  aeabi_sdiv_div0.o ABSOLUTE
    ../clib/heap1.c                          0x00000000   Number         0  h1_extend_mt.o ABSOLUTE
    ../clib/heap1.c                          0x00000000   Number         0  h1_init_mt.o ABSOLUTE
    ../clib/heap1.c                          0x00000000   Number         0  h1_extend.o ABSOLUTE
    ../clib/heap1.c                          0x00000000   Number         0  h1_init.o ABSOLUTE
    ../clib/heap1.c                          0x00000000   Number         0  h1_alloc.o ABSOLUTE
    ../clib/heap1.c                          0x00000000   Number         0  h1_final_mt.o ABSOLUTE
    ../clib/heap1.c                          0x00000000   Number         0  h1_final.o ABSOLUTE
    ../clib/heap1.c                          0x00000000   Number         0  h1_free.o ABSOLUTE
    ../clib/heap1.c                          0x00000000   Number         0  h1_free_mt.o ABSOLUTE
    ../clib/heap1.c                          0x00000000   Number         0  h1_alloc_mt.o ABSOLUTE
    ../clib/heap2.c                          0x00000000   Number         0  heap2.o ABSOLUTE
    ../clib/heap2.c                          0x00000000   Number         0  fdtree.o ABSOLUTE
    ../clib/heap2.c                          0x00000000   Number         0  heap2mt.o ABSOLUTE
    ../clib/heapalloc.c                      0x00000000   Number         0  term_alloc.o ABSOLUTE
    ../clib/heapalloc.c                      0x00000000   Number         0  free.o ABSOLUTE
    ../clib/heapalloc.c                      0x00000000   Number         0  malloc.o ABSOLUTE
    ../clib/heapalloc.c                      0x00000000   Number         0  hguard.o ABSOLUTE
    ../clib/heapalloc.c                      0x00000000   Number         0  init_alloc.o ABSOLUTE
    ../clib/heapalloc.c                      0x00000000   Number         0  maybetermalloc2.o ABSOLUTE
    ../clib/heapalloc.c                      0x00000000   Number         0  heapstubs.o ABSOLUTE
    ../clib/heapalloc.c                      0x00000000   Number         0  hrguard.o ABSOLUTE
    ../clib/heapalloc.c                      0x00000000   Number         0  maybetermalloc1.o ABSOLUTE
    ../clib/heapalloc.c                      0x00000000   Number         0  maybetermalloc1.o ABSOLUTE
    ../clib/heapalloc.c                      0x00000000   Number         0  maybetermalloc2.o ABSOLUTE
    ../clib/heapaux.c                        0x00000000   Number         0  heapauxi.o ABSOLUTE
    ../clib/heapaux.c                        0x00000000   Number         0  heapauxa.o ABSOLUTE
    ../clib/libinit.s                        0x00000000   Number         0  libinit.o ABSOLUTE
    ../clib/libinit.s                        0x00000000   Number         0  libshutdown.o ABSOLUTE
    ../clib/libinit.s                        0x00000000   Number         0  libinit2.o ABSOLUTE
    ../clib/libinit.s                        0x00000000   Number         0  libshutdown2.o ABSOLUTE
    ../clib/memcpset.c                       0x00000000   Number         0  rt_memclr.o ABSOLUTE
    ../clib/memcpset.c                       0x00000000   Number         0  rt_memcpy.o ABSOLUTE
    ../clib/memcpset.c                       0x00000000   Number         0  rt_memcpy.o ABSOLUTE
    ../clib/printf.c                         0x00000000   Number         0  __printf_flags.o ABSOLUTE
    ../clib/printf.c                         0x00000000   Number         0  __printf_ss.o ABSOLUTE
    ../clib/printf.c                         0x00000000   Number         0  __printf_flags_ss.o ABSOLUTE
    ../clib/printf.c                         0x00000000   Number         0  __printf_wp.o ABSOLUTE
    ../clib/printf.c                         0x00000000   Number         0  __printf_flags_wp.o ABSOLUTE
    ../clib/printf.c                         0x00000000   Number         0  __printf_ss_wp.o ABSOLUTE
    ../clib/printf.c                         0x00000000   Number         0  _printf_intcommon.o ABSOLUTE
    ../clib/printf.c                         0x00000000   Number         0  _printf_char_file.o ABSOLUTE
    ../clib/printf.c                         0x00000000   Number         0  _printf_char_common.o ABSOLUTE
    ../clib/printf.c                         0x00000000   Number         0  __printf_flags_ss_wp.o ABSOLUTE
    ../clib/printf.c                         0x00000000   Number         0  __printf_nopercent.o ABSOLUTE
    ../clib/printf.c                         0x00000000   Number         0  __2printf.o ABSOLUTE
    ../clib/printf.c                         0x00000000   Number         0  noretval__2printf.o ABSOLUTE
    ../clib/printf.c                         0x00000000   Number         0  __printf.o ABSOLUTE
    ../clib/printf.c                         0x00000000   Number         0  _printf_dec.o ABSOLUTE
    ../clib/printf_percent.s                 0x00000000   Number         0  _printf_d.o ABSOLUTE
    ../clib/printf_percent.s                 0x00000000   Number         0  _printf_percent.o ABSOLUTE
    ../clib/printf_percent.s                 0x00000000   Number         0  _printf_percent_end.o ABSOLUTE
    ../clib/signal.c                         0x00000000   Number         0  defsig_rtred_inner.o ABSOLUTE
    ../clib/signal.c                         0x00000000   Number         0  defsig_stak_inner.o ABSOLUTE
    ../clib/signal.c                         0x00000000   Number         0  defsig_general.o ABSOLUTE
    ../clib/signal.c                         0x00000000   Number         0  defsig_rtmem_outer.o ABSOLUTE
    ../clib/signal.c                         0x00000000   Number         0  defsig_rtmem_formal.o ABSOLUTE
    ../clib/signal.c                         0x00000000   Number         0  defsig_fpe_inner.o ABSOLUTE
    ../clib/signal.c                         0x00000000   Number         0  defsig_pvfn_inner.o ABSOLUTE
    ../clib/signal.c                         0x00000000   Number         0  defsig_rtmem_inner.o ABSOLUTE
    ../clib/signal.c                         0x00000000   Number         0  defsig_rtred_outer.o ABSOLUTE
    ../clib/signal.c                         0x00000000   Number         0  defsig_fpe_formal.o ABSOLUTE
    ../clib/signal.c                         0x00000000   Number         0  defsig_fpe_outer.o ABSOLUTE
    ../clib/signal.c                         0x00000000   Number         0  defsig_rtred_formal.o ABSOLUTE
    ../clib/signal.c                         0x00000000   Number         0  __raise.o ABSOLUTE
    ../clib/signal.c                         0x00000000   Number         0  defsig_other.o ABSOLUTE
    ../clib/signal.c                         0x00000000   Number         0  defsig_exit.o ABSOLUTE
    ../clib/signal.c                         0x00000000   Number         0  defsig_cppl_inner.o ABSOLUTE
    ../clib/signal.c                         0x00000000   Number         0  defsig_abrt_inner.o ABSOLUTE
    ../clib/signal.c                         0x00000000   Number         0  defsig_segv_inner.o ABSOLUTE
    ../clib/signal.s                         0x00000000   Number         0  defsig.o ABSOLUTE
    ../clib/stdio.c                          0x00000000   Number         0  setvbuf_locked.o ABSOLUTE
    ../clib/stdio.c                          0x00000000   Number         0  streamlock.o ABSOLUTE
    ../clib/stdio.c                          0x00000000   Number         0  ftell.o ABSOLUTE
    ../clib/stdio.c                          0x00000000   Number         0  fseek.o ABSOLUTE
    ../clib/stdio.c                          0x00000000   Number         0  stdio_streams.o ABSOLUTE
    ../clib/stdio.c                          0x00000000   Number         0  stdio.o ABSOLUTE
    ../clib/stdio.c                          0x00000000   Number         0  fopen_locked.o ABSOLUTE
    ../clib/stdio.c                          0x00000000   Number         0  initio_locked.o ABSOLUTE
    ../clib/stdio.c                          0x00000000   Number         0  ferror_locked.o ABSOLUTE
    ../clib/stdio.c                          0x00000000   Number         0  initio.o ABSOLUTE
    ../clib/stdio.c                          0x00000000   Number         0  setvbuf.o ABSOLUTE
    ../clib/stdio.c                          0x00000000   Number         0  fopen.o ABSOLUTE
    ../clib/stdio.c                          0x00000000   Number         0  ferror.o ABSOLUTE
    ../clib/stdio.c                          0x00000000   Number         0  fclose.o ABSOLUTE
    ../clib/stdlib.c                         0x00000000   Number         0  exit.o ABSOLUTE
    ../clib/string.c                         0x00000000   Number         0  strlen.o ABSOLUTE
    ../fplib/cfplib/fpinit.c                 0x00000000   Number         0  fpinit.o ABSOLUTE
    ADC_demo\\ad.c                           0x00000000   Number         0  ad.o ABSOLUTE
    ADC_demo\ad.c                            0x00000000   Number         0  ad.o ABSOLUTE
    DHT11_demo\\dht.c                        0x00000000   Number         0  dht.o ABSOLUTE
    DHT11_demo\dht.c                         0x00000000   Number         0  dht.o ABSOLUTE
    RTE\Device\LPC11C14FBD48_301\startup_LPC11xx.s 0x00000000   Number         0  startup_lpc11xx.o ABSOLUTE
    RTE\Device\LPC11C14FBD48_301\system_LPC11xx.c 0x00000000   Number         0  system_lpc11xx.o ABSOLUTE
    RTE\\Device\\LPC11C14FBD48_301\\system_LPC11xx.c 0x00000000   Number         0  system_lpc11xx.o ABSOLUTE
    dc.s                                     0x00000000   Number         0  dc.o ABSOLUTE
    key_demo\\key.c                          0x00000000   Number         0  key.o ABSOLUTE
    key_demo\key.c                           0x00000000   Number         0  key.o ABSOLUTE
    led_demo\\led.c                          0x00000000   Number         0  led.o ABSOLUTE
    led_demo\led.c                           0x00000000   Number         0  led.o ABSOLUTE
    music_demo\\music.c                      0x00000000   Number         0  music.o ABSOLUTE
    music_demo\music.c                       0x00000000   Number         0  music.o ABSOLUTE
    nled_demo\\nled.c                        0x00000000   Number         0  nled.o ABSOLUTE
    nled_demo\nled.c                         0x00000000   Number         0  nled.o ABSOLUTE
    speaker_demo\\speaker.c                  0x00000000   Number         0  speaker.o ABSOLUTE
    speaker_demo\speaker.c                   0x00000000   Number         0  speaker.o ABSOLUTE
    test.c                                   0x00000000   Number         0  test.o ABSOLUTE
    test.c                                   0x00000000   Number         0  test.o ABSOLUTE
    timer_demo\\timer.c                      0x00000000   Number         0  timer.o ABSOLUTE
    timer_demo\timer.c                       0x00000000   Number         0  timer.o ABSOLUTE
    uart_demo\\uart.c                        0x00000000   Number         0  uart.o ABSOLUTE
    uart_demo\uart.c                         0x00000000   Number         0  uart.o ABSOLUTE
    wdt_demo\\wdt.c                          0x00000000   Number         0  wdt.o ABSOLUTE
    wdt_demo\wdt.c                           0x00000000   Number         0  wdt.o ABSOLUTE
    !!!main                                  0x000000c0   Section        8  __main.o(!!!main)
    !!!scatter                               0x000000c8   Section       60  __scatter.o(!!!scatter)
    !!handler_copy                           0x00000104   Section       26  __scatter_copy.o(!!handler_copy)
    !!handler_zi                             0x00000120   Section       28  __scatter_zi.o(!!handler_zi)
    .ARM.Collect$$_printf_percent$$00000000  0x0000013c   Section        2  _printf_percent.o(.ARM.Collect$$_printf_percent$$00000000)
    .ARM.Collect$$_printf_percent$$00000009  0x0000013e   Section       10  _printf_d.o(.ARM.Collect$$_printf_percent$$00000009)
    .ARM.Collect$$_printf_percent$$00000017  0x00000148   Section        4  _printf_percent_end.o(.ARM.Collect$$_printf_percent$$00000017)
    .ARM.Collect$$libinit$$00000000          0x0000014c   Section        2  libinit.o(.ARM.Collect$$libinit$$00000000)
    .ARM.Collect$$libinit$$00000002          0x0000014e   Section        0  libinit2.o(.ARM.Collect$$libinit$$00000002)
    .ARM.Collect$$libinit$$00000004          0x0000014e   Section        0  libinit2.o(.ARM.Collect$$libinit$$00000004)
    .ARM.Collect$$libinit$$00000005          0x0000014e   Section        8  libinit2.o(.ARM.Collect$$libinit$$00000005)
    .ARM.Collect$$libinit$$0000000A          0x00000156   Section        0  libinit2.o(.ARM.Collect$$libinit$$0000000A)
    .ARM.Collect$$libinit$$0000000C          0x00000156   Section        0  libinit2.o(.ARM.Collect$$libinit$$0000000C)
    .ARM.Collect$$libinit$$0000000E          0x00000156   Section        0  libinit2.o(.ARM.Collect$$libinit$$0000000E)
    .ARM.Collect$$libinit$$00000011          0x00000156   Section        0  libinit2.o(.ARM.Collect$$libinit$$00000011)
    .ARM.Collect$$libinit$$00000013          0x00000156   Section        0  libinit2.o(.ARM.Collect$$libinit$$00000013)
    .ARM.Collect$$libinit$$00000015          0x00000156   Section        0  libinit2.o(.ARM.Collect$$libinit$$00000015)
    .ARM.Collect$$libinit$$00000017          0x00000156   Section        0  libinit2.o(.ARM.Collect$$libinit$$00000017)
    .ARM.Collect$$libinit$$00000019          0x00000156   Section        0  libinit2.o(.ARM.Collect$$libinit$$00000019)
    .ARM.Collect$$libinit$$0000001B          0x00000156   Section        0  libinit2.o(.ARM.Collect$$libinit$$0000001B)
    .ARM.Collect$$libinit$$0000001D          0x00000156   Section        0  libinit2.o(.ARM.Collect$$libinit$$0000001D)
    .ARM.Collect$$libinit$$0000001F          0x00000156   Section        0  libinit2.o(.ARM.Collect$$libinit$$0000001F)
    .ARM.Collect$$libinit$$00000021          0x00000156   Section        0  libinit2.o(.ARM.Collect$$libinit$$00000021)
    .ARM.Collect$$libinit$$00000023          0x00000156   Section        0  libinit2.o(.ARM.Collect$$libinit$$00000023)
    .ARM.Collect$$libinit$$00000024          0x00000156   Section        4  libinit2.o(.ARM.Collect$$libinit$$00000024)
    .ARM.Collect$$libinit$$00000025          0x0000015a   Section        0  libinit2.o(.ARM.Collect$$libinit$$00000025)
    .ARM.Collect$$libinit$$0000002C          0x0000015a   Section        0  libinit2.o(.ARM.Collect$$libinit$$0000002C)
    .ARM.Collect$$libinit$$0000002E          0x0000015a   Section        0  libinit2.o(.ARM.Collect$$libinit$$0000002E)
    .ARM.Collect$$libinit$$00000030          0x0000015a   Section        0  libinit2.o(.ARM.Collect$$libinit$$00000030)
    .ARM.Collect$$libinit$$00000032          0x0000015a   Section        0  libinit2.o(.ARM.Collect$$libinit$$00000032)
    .ARM.Collect$$libinit$$00000033          0x0000015a   Section        2  libinit2.o(.ARM.Collect$$libinit$$00000033)
    .ARM.Collect$$libshutdown$$00000000      0x0000015c   Section        2  libshutdown.o(.ARM.Collect$$libshutdown$$00000000)
    .ARM.Collect$$libshutdown$$00000002      0x0000015e   Section        0  libshutdown2.o(.ARM.Collect$$libshutdown$$00000002)
    .ARM.Collect$$libshutdown$$00000003      0x0000015e   Section        4  libshutdown2.o(.ARM.Collect$$libshutdown$$00000003)
    .ARM.Collect$$libshutdown$$00000004      0x00000162   Section        0  libshutdown2.o(.ARM.Collect$$libshutdown$$00000004)
    .ARM.Collect$$libshutdown$$00000007      0x00000162   Section        0  libshutdown2.o(.ARM.Collect$$libshutdown$$00000007)
    .ARM.Collect$$libshutdown$$0000000A      0x00000162   Section        0  libshutdown2.o(.ARM.Collect$$libshutdown$$0000000A)
    .ARM.Collect$$libshutdown$$0000000C      0x00000162   Section        0  libshutdown2.o(.ARM.Collect$$libshutdown$$0000000C)
    .ARM.Collect$$libshutdown$$0000000F      0x00000162   Section        0  libshutdown2.o(.ARM.Collect$$libshutdown$$0000000F)
    .ARM.Collect$$libshutdown$$00000010      0x00000162   Section        2  libshutdown2.o(.ARM.Collect$$libshutdown$$00000010)
    .ARM.Collect$$rtentry$$00000000          0x00000164   Section        0  __rtentry.o(.ARM.Collect$$rtentry$$00000000)
    .ARM.Collect$$rtentry$$00000002          0x00000164   Section        0  __rtentry2.o(.ARM.Collect$$rtentry$$00000002)
    .ARM.Collect$$rtentry$$00000004          0x00000164   Section        6  __rtentry4.o(.ARM.Collect$$rtentry$$00000004)
    .ARM.Collect$$rtentry$$00000009          0x0000016a   Section        0  __rtentry2.o(.ARM.Collect$$rtentry$$00000009)
    .ARM.Collect$$rtentry$$0000000A          0x0000016a   Section        4  __rtentry2.o(.ARM.Collect$$rtentry$$0000000A)
    .ARM.Collect$$rtentry$$0000000C          0x0000016e   Section        0  __rtentry2.o(.ARM.Collect$$rtentry$$0000000C)
    .ARM.Collect$$rtentry$$0000000D          0x0000016e   Section        8  __rtentry2.o(.ARM.Collect$$rtentry$$0000000D)
    .ARM.Collect$$rtexit$$00000000           0x00000176   Section        2  rtexit.o(.ARM.Collect$$rtexit$$00000000)
    .ARM.Collect$$rtexit$$00000002           0x00000178   Section        0  rtexit2.o(.ARM.Collect$$rtexit$$00000002)
    .ARM.Collect$$rtexit$$00000003           0x00000178   Section        4  rtexit2.o(.ARM.Collect$$rtexit$$00000003)
    .ARM.Collect$$rtexit$$00000004           0x0000017c   Section        6  rtexit2.o(.ARM.Collect$$rtexit$$00000004)
    .emb_text                                0x00000184   Section        0  maybetermalloc1.o(.emb_text)
    .text                                    0x00000184   Section        0  test.o(.text)
    .text                                    0x0000019c   Section        0  timer.o(.text)
    .text                                    0x00000274   Section       52  startup_lpc11xx.o(.text)
    .text                                    0x000002a8   Section        0  noretval__2printf.o(.text)
    .text                                    0x000002c4   Section        0  heapauxi.o(.text)
    .text                                    0x000002cc   Section        0  _printf_char_file.o(.text)
    .text                                    0x000002f4   Section        0  ferror.o(.text)
    .ARM.__at_0x02FC                         0x000002fc   Section        4  startup_lpc11xx.o(.ARM.__at_0x02FC)
    .text                                    0x00000300   Section        0  uart.o(.text)
    .text                                    0x00000400   Section        0  dht.o(.text)
    .text                                    0x000005bc   Section        0  system_lpc11xx.o(.text)
    .text                                    0x00000810   Section        0  __printf.o(.text)
    .text                                    0x0000087c   Section        0  _printf_dec.o(.text)
    .text                                    0x000008e8   Section      346  aeabi_sdiv.o(.text)
    .text                                    0x00000a42   Section        0  _printf_intcommon.o(.text)
    .text                                    0x00000af2   Section        0  rtudiv10.o(.text)
    .text                                    0x00000b1c   Section        0  _printf_char_common.o(.text)
    _printf_input_char                       0x00000b1d   Thumb Code    10  _printf_char_common.o(.text)
    .text                                    0x00000b4c   Section        0  initio.o(.text)
    .text                                    0x00000c88   Section        0  sys_io.o(.text)
    .text                                    0x00000cee   Section       62  sys_stackheap_outer.o(.text)
    .text                                    0x00000d2c   Section        0  h1_free.o(.text)
    .text                                    0x00000d78   Section        0  setvbuf.o(.text)
    .text                                    0x00000dc4   Section        0  fopen.o(.text)
    _freopen_locked                          0x00000dc5   Thumb Code     0  fopen.o(.text)
    .text                                    0x00000eac   Section        0  fclose.o(.text)
    .text                                    0x00000ef8   Section        0  exit.o(.text)
    .text                                    0x00000f08   Section        0  defsig_rtred_outer.o(.text)
    .text                                    0x00000f14   Section        0  rt_memclr.o(.text)
    .text                                    0x00000f54   Section        8  libspace.o(.text)
    .text                                    0x00000f5c   Section        2  use_no_semi.o(.text)
    .text                                    0x00000f5e   Section        0  indicate_semi.o(.text)
    .text                                    0x00000f60   Section        8  rt_heap_descriptor_intlibspace.o(.text)
    .text                                    0x00000f68   Section        0  hguard.o(.text)
    .text                                    0x00000f6c   Section        0  init_alloc.o(.text)
    .text                                    0x00000ff4   Section        0  h1_alloc.o(.text)
    .text                                    0x00001058   Section        0  fseek.o(.text)
    .text                                    0x0000114c   Section        0  stdio.o(.text)
    .text                                    0x0000123c   Section        0  defsig_exit.o(.text)
    .text                                    0x00001248   Section        0  defsig_rtred_inner.o(.text)
    .text                                    0x0000127c   Section        0  strlen.o(.text)
    .text                                    0x000012c0   Section        0  sys_exit.o(.text)
    .text                                    0x000012cc   Section        0  h1_init.o(.text)
    .text                                    0x000012da   Section        0  h1_extend.o(.text)
    .text                                    0x0000130e   Section        0  ftell.o(.text)
    .text                                    0x00001350   Section        0  defsig_general.o(.text)
    .text                                    0x00001384   Section        0  defsig_rtmem_outer.o(.text)
    .text                                    0x00001390   Section        0  sys_wrch.o(.text)
    .text                                    0x0000139c   Section        8  rt_errno_addr_intlibspace.o(.text)
    .text                                    0x000013a4   Section        0  defsig_rtmem_inner.o(.text)
    i.__ARM_common_switch8                   0x000013f4   Section        0  system_lpc11xx.o(i.__ARM_common_switch8)
    .constdata                               0x00001410   Section        4  sys_io.o(.constdata)
    .constdata                               0x00001414   Section        4  sys_io.o(.constdata)
    .constdata                               0x00001418   Section        4  sys_io.o(.constdata)
    .data                                    0x10000000   Section        4  system_lpc11xx.o(.data)
    .data                                    0x10000004   Section        4  stdio_streams.o(.data)
    .data                                    0x10000008   Section        4  stdio_streams.o(.data)
    .data                                    0x1000000c   Section        4  stdio_streams.o(.data)
    .bss                                     0x10000010   Section       84  stdio_streams.o(.bss)
    .bss                                     0x10000064   Section       84  stdio_streams.o(.bss)
    .bss                                     0x100000b8   Section       84  stdio_streams.o(.bss)
    .bss                                     0x1000010c   Section       96  libspace.o(.bss)
    HEAP                                     0x10000170   Section        0  startup_lpc11xx.o(HEAP)
    STACK                                    0x10000170   Section      512  startup_lpc11xx.o(STACK)
    Heap_Mem                                 0x10000170   Data           0  startup_lpc11xx.o(HEAP)
    Stack_Mem                                0x10000170   Data         512  startup_lpc11xx.o(STACK)
    __initial_sp                             0x10000370   Data           0  startup_lpc11xx.o(STACK)

    Global Symbols

    Symbol Name                              Value     Ov Type        Size  Object(Section)

    BuildAttributes$$THM_ISAv3M$S$PE$A:L22$X:L11$S22$IEEE1$IW$USESV6$~STKCKD$USESV7$~SHL$OTIME$ROPI$EBA8$UX$STANDARDLIB$REQ8$PRES8$EABIv2 0x00000000   Number         0  anon$$obj.o ABSOLUTE
    __ARM_use_no_argv                        0x00000000   Number         0  test.o ABSOLUTE
    __Vectors                                0x00000000   Data           4  startup_lpc11xx.o(RESET)
    __ARM_exceptions_init                     - Undefined Weak Reference
    __alloca_initialize                       - Undefined Weak Reference
    __arm_preinit_                            - Undefined Weak Reference
    __cpp_initialize__aeabi_                  - Undefined Weak Reference
    __cxa_finalize                            - Undefined Weak Reference
    __rt_locale                               - Undefined Weak Reference
    __sigvec_lookup                           - Undefined Weak Reference
    __user_heap_extent                        - Undefined Weak Reference
    _atexit_init                              - Undefined Weak Reference
    _call_atexit_fns                          - Undefined Weak Reference
    _clock_init                               - Undefined Weak Reference
    _fp_trap_init                             - Undefined Weak Reference
    _fp_trap_shutdown                         - Undefined Weak Reference
    _get_lc_collate                           - Undefined Weak Reference
    _get_lc_ctype                             - Undefined Weak Reference
    _get_lc_monetary                          - Undefined Weak Reference
    _get_lc_numeric                           - Undefined Weak Reference
    _get_lc_time                              - Undefined Weak Reference
    _getenv_init                              - Undefined Weak Reference
    _handle_redirection                       - Undefined Weak Reference
    _mutex_acquire                            - Undefined Weak Reference
    _mutex_free                               - Undefined Weak Reference
    _mutex_release                            - Undefined Weak Reference
    _printf_post_padding                      - Undefined Weak Reference
    _printf_pre_padding                       - Undefined Weak Reference
    _printf_truncate_signed                   - Undefined Weak Reference
    _printf_truncate_unsigned                 - Undefined Weak Reference
    _rand_init                                - Undefined Weak Reference
    _signal_finish                            - Undefined Weak Reference
    _signal_init                              - Undefined Weak Reference
    __main                                   0x000000c1   Thumb Code     8  __main.o(!!!main)
    __scatterload                            0x000000c9   Thumb Code     0  __scatter.o(!!!scatter)
    __scatterload_rt2                        0x000000c9   Thumb Code    52  __scatter.o(!!!scatter)
    __scatterload_rt2_thumb_only             0x000000c9   Thumb Code     0  __scatter.o(!!!scatter)
    __scatterload_null                       0x000000d9   Thumb Code     0  __scatter.o(!!!scatter)
    __scatterload_copy                       0x00000105   Thumb Code    26  __scatter_copy.o(!!handler_copy)
    __scatterload_zeroinit                   0x00000121   Thumb Code    28  __scatter_zi.o(!!handler_zi)
    _printf_percent                          0x0000013d   Thumb Code     0  _printf_percent.o(.ARM.Collect$$_printf_percent$$00000000)
    _printf_d                                0x0000013f   Thumb Code     0  _printf_d.o(.ARM.Collect$$_printf_percent$$00000009)
    _printf_percent_end                      0x00000149   Thumb Code     0  _printf_percent_end.o(.ARM.Collect$$_printf_percent$$00000017)
    __rt_lib_init                            0x0000014d   Thumb Code     0  libinit.o(.ARM.Collect$$libinit$$00000000)
    __rt_lib_init_fp_1                       0x0000014f   Thumb Code     0  libinit2.o(.ARM.Collect$$libinit$$00000002)
    __rt_lib_init_heap_2                     0x0000014f   Thumb Code     0  libinit2.o(.ARM.Collect$$libinit$$00000005)
    __rt_lib_init_preinit_1                  0x0000014f   Thumb Code     0  libinit2.o(.ARM.Collect$$libinit$$00000004)
    __rt_lib_init_atexit_1                   0x00000157   Thumb Code     0  libinit2.o(.ARM.Collect$$libinit$$0000001B)
    __rt_lib_init_clock_1                    0x00000157   Thumb Code     0  libinit2.o(.ARM.Collect$$libinit$$00000021)
    __rt_lib_init_fp_trap_1                  0x00000157   Thumb Code     0  libinit2.o(.ARM.Collect$$libinit$$0000001F)
    __rt_lib_init_getenv_1                   0x00000157   Thumb Code     0  libinit2.o(.ARM.Collect$$libinit$$00000023)
    __rt_lib_init_heap_1                     0x00000157   Thumb Code     0  libinit2.o(.ARM.Collect$$libinit$$0000000A)
    __rt_lib_init_lc_collate_1               0x00000157   Thumb Code     0  libinit2.o(.ARM.Collect$$libinit$$00000011)
    __rt_lib_init_lc_ctype_1                 0x00000157   Thumb Code     0  libinit2.o(.ARM.Collect$$libinit$$00000013)
    __rt_lib_init_lc_monetary_1              0x00000157   Thumb Code     0  libinit2.o(.ARM.Collect$$libinit$$00000015)
    __rt_lib_init_lc_numeric_1               0x00000157   Thumb Code     0  libinit2.o(.ARM.Collect$$libinit$$00000017)
    __rt_lib_init_lc_time_1                  0x00000157   Thumb Code     0  libinit2.o(.ARM.Collect$$libinit$$00000019)
    __rt_lib_init_rand_1                     0x00000157   Thumb Code     0  libinit2.o(.ARM.Collect$$libinit$$0000000E)
    __rt_lib_init_signal_1                   0x00000157   Thumb Code     0  libinit2.o(.ARM.Collect$$libinit$$0000001D)
    __rt_lib_init_stdio_2                    0x00000157   Thumb Code     0  libinit2.o(.ARM.Collect$$libinit$$00000024)
    __rt_lib_init_user_alloc_1               0x00000157   Thumb Code     0  libinit2.o(.ARM.Collect$$libinit$$0000000C)
    __rt_lib_init_alloca_1                   0x0000015b   Thumb Code     0  libinit2.o(.ARM.Collect$$libinit$$0000002E)
    __rt_lib_init_argv_1                     0x0000015b   Thumb Code     0  libinit2.o(.ARM.Collect$$libinit$$0000002C)
    __rt_lib_init_cpp_1                      0x0000015b   Thumb Code     0  libinit2.o(.ARM.Collect$$libinit$$00000032)
    __rt_lib_init_exceptions_1               0x0000015b   Thumb Code     0  libinit2.o(.ARM.Collect$$libinit$$00000030)
    __rt_lib_init_return                     0x0000015b   Thumb Code     0  libinit2.o(.ARM.Collect$$libinit$$00000033)
    __rt_lib_init_stdio_1                    0x0000015b   Thumb Code     0  libinit2.o(.ARM.Collect$$libinit$$00000025)
    __rt_lib_shutdown                        0x0000015d   Thumb Code     0  libshutdown.o(.ARM.Collect$$libshutdown$$00000000)
    __rt_lib_shutdown_cpp_1                  0x0000015f   Thumb Code     0  libshutdown2.o(.ARM.Collect$$libshutdown$$00000002)
    __rt_lib_shutdown_stdio_2                0x0000015f   Thumb Code     0  libshutdown2.o(.ARM.Collect$$libshutdown$$00000003)
    __rt_lib_shutdown_fp_trap_1              0x00000163   Thumb Code     0  libshutdown2.o(.ARM.Collect$$libshutdown$$00000007)
    __rt_lib_shutdown_heap_1                 0x00000163   Thumb Code     0  libshutdown2.o(.ARM.Collect$$libshutdown$$0000000F)
    __rt_lib_shutdown_return                 0x00000163   Thumb Code     0  libshutdown2.o(.ARM.Collect$$libshutdown$$00000010)
    __rt_lib_shutdown_signal_1               0x00000163   Thumb Code     0  libshutdown2.o(.ARM.Collect$$libshutdown$$0000000A)
    __rt_lib_shutdown_stdio_1                0x00000163   Thumb Code     0  libshutdown2.o(.ARM.Collect$$libshutdown$$00000004)
    __rt_lib_shutdown_user_alloc_1           0x00000163   Thumb Code     0  libshutdown2.o(.ARM.Collect$$libshutdown$$0000000C)
    __rt_entry                               0x00000165   Thumb Code     0  __rtentry.o(.ARM.Collect$$rtentry$$00000000)
    __rt_entry_presh_1                       0x00000165   Thumb Code     0  __rtentry2.o(.ARM.Collect$$rtentry$$00000002)
    __rt_entry_sh                            0x00000165   Thumb Code     0  __rtentry4.o(.ARM.Collect$$rtentry$$00000004)
    __rt_entry_li                            0x0000016b   Thumb Code     0  __rtentry2.o(.ARM.Collect$$rtentry$$0000000A)
    __rt_entry_postsh_1                      0x0000016b   Thumb Code     0  __rtentry2.o(.ARM.Collect$$rtentry$$00000009)
    __rt_entry_main                          0x0000016f   Thumb Code     0  __rtentry2.o(.ARM.Collect$$rtentry$$0000000D)
    __rt_entry_postli_1                      0x0000016f   Thumb Code     0  __rtentry2.o(.ARM.Collect$$rtentry$$0000000C)
    __rt_exit                                0x00000177   Thumb Code     0  rtexit.o(.ARM.Collect$$rtexit$$00000000)
    __rt_exit_ls                             0x00000179   Thumb Code     0  rtexit2.o(.ARM.Collect$$rtexit$$00000003)
    __rt_exit_prels_1                        0x00000179   Thumb Code     0  rtexit2.o(.ARM.Collect$$rtexit$$00000002)
    __rt_exit_exit                           0x0000017d   Thumb Code     0  rtexit2.o(.ARM.Collect$$rtexit$$00000004)
    _maybe_terminate_alloc                   0x00000185   Thumb Code     0  maybetermalloc1.o(.emb_text)
    main                                     0x00000185   Thumb Code    24  test.o(.text)
    mdelay                                   0x0000019d   Thumb Code   100  timer.o(.text)
    udelay                                   0x00000201   Thumb Code    98  timer.o(.text)
    Reset_Handler                            0x00000275   Thumb Code     8  startup_lpc11xx.o(.text)
    NMI_Handler                              0x0000027d   Thumb Code     2  startup_lpc11xx.o(.text)
    HardFault_Handler                        0x0000027f   Thumb Code     2  startup_lpc11xx.o(.text)
    SVC_Handler                              0x00000281   Thumb Code     2  startup_lpc11xx.o(.text)
    PendSV_Handler                           0x00000283   Thumb Code     2  startup_lpc11xx.o(.text)
    SysTick_Handler                          0x00000285   Thumb Code     2  startup_lpc11xx.o(.text)
    ADC_IRQHandler                           0x00000287   Thumb Code     0  startup_lpc11xx.o(.text)
    BOD_IRQHandler                           0x00000287   Thumb Code     0  startup_lpc11xx.o(.text)
    CAN_IRQHandler                           0x00000287   Thumb Code     0  startup_lpc11xx.o(.text)
    FMC_IRQHandler                           0x00000287   Thumb Code     0  startup_lpc11xx.o(.text)
    I2C_IRQHandler                           0x00000287   Thumb Code     0  startup_lpc11xx.o(.text)
    PIOINT0_IRQHandler                       0x00000287   Thumb Code     0  startup_lpc11xx.o(.text)
    PIOINT1_IRQHandler                       0x00000287   Thumb Code     0  startup_lpc11xx.o(.text)
    PIOINT2_IRQHandler                       0x00000287   Thumb Code     0  startup_lpc11xx.o(.text)
    PIOINT3_IRQHandler                       0x00000287   Thumb Code     0  startup_lpc11xx.o(.text)
    SSP0_IRQHandler                          0x00000287   Thumb Code     0  startup_lpc11xx.o(.text)
    SSP1_IRQHandler                          0x00000287   Thumb Code     0  startup_lpc11xx.o(.text)
    TIMER16_0_IRQHandler                     0x00000287   Thumb Code     0  startup_lpc11xx.o(.text)
    TIMER16_1_IRQHandler                     0x00000287   Thumb Code     0  startup_lpc11xx.o(.text)
    TIMER32_0_IRQHandler                     0x00000287   Thumb Code     0  startup_lpc11xx.o(.text)
    TIMER32_1_IRQHandler                     0x00000287   Thumb Code     0  startup_lpc11xx.o(.text)
    UART_IRQHandler                          0x00000287   Thumb Code     0  startup_lpc11xx.o(.text)
    USB_FIQHandler                           0x00000287   Thumb Code     0  startup_lpc11xx.o(.text)
    USB_IRQHandler                           0x00000287   Thumb Code     0  startup_lpc11xx.o(.text)
    WAKEUP_IRQHandler                        0x00000287   Thumb Code     0  startup_lpc11xx.o(.text)
    WDT_IRQHandler                           0x00000287   Thumb Code     0  startup_lpc11xx.o(.text)
    __user_initial_stackheap                 0x00000289   Thumb Code     0  startup_lpc11xx.o(.text)
    __2printf                                0x000002a9   Thumb Code    22  noretval__2printf.o(.text)
    __use_two_region_memory                  0x000002c5   Thumb Code     2  heapauxi.o(.text)
    __rt_heap_escrow                         0x000002c7   Thumb Code     2  heapauxi.o(.text)
    __rt_heap_expand                         0x000002c9   Thumb Code     2  heapauxi.o(.text)
    _printf_char_file                        0x000002cd   Thumb Code    34  _printf_char_file.o(.text)
    ferror                                   0x000002f5   Thumb Code     8  ferror.o(.text)
    uart_init                                0x00000301   Thumb Code   134  uart.o(.text)
    send_byte                                0x00000387   Thumb Code    22  uart.o(.text)
    put_string                               0x0000039d   Thumb Code    22  uart.o(.text)
    recv_byte                                0x000003b3   Thumb Code    22  uart.o(.text)
    get_string                               0x000003c9   Thumb Code    28  uart.o(.text)
    fputc                                    0x000003e5   Thumb Code    16  uart.o(.text)
    dht11_init                               0x00000401   Thumb Code    42  dht.o(.text)
    read_dht11                               0x0000042b   Thumb Code   290  dht.o(.text)
    dht11_output                             0x0000054d   Thumb Code    42  dht.o(.text)
    SystemCoreClockUpdate                    0x000005bd   Thumb Code   368  system_lpc11xx.o(.text)
    SystemInit                               0x0000072d   Thumb Code   150  system_lpc11xx.o(.text)
    __printf                                 0x00000811   Thumb Code   108  __printf.o(.text)
    _printf_int_dec                          0x0000087d   Thumb Code    90  _printf_dec.o(.text)
    __aeabi_uidiv                            0x000008e9   Thumb Code     0  aeabi_sdiv.o(.text)
    __aeabi_uidivmod                         0x000008e9   Thumb Code    20  aeabi_sdiv.o(.text)
    __aeabi_idiv                             0x000008fd   Thumb Code     0  aeabi_sdiv.o(.text)
    __aeabi_idivmod                          0x000008fd   Thumb Code   326  aeabi_sdiv.o(.text)
    _printf_int_common                       0x00000a43   Thumb Code   176  _printf_intcommon.o(.text)
    __rt_udiv10                              0x00000af3   Thumb Code    40  rtudiv10.o(.text)
    _printf_char_common                      0x00000b27   Thumb Code    32  _printf_char_common.o(.text)
    _initio                                  0x00000b4d   Thumb Code   216  initio.o(.text)
    _terminateio                             0x00000c25   Thumb Code    56  initio.o(.text)
    _sys_open                                0x00000c89   Thumb Code    20  sys_io.o(.text)
    _sys_close                               0x00000c9d   Thumb Code    12  sys_io.o(.text)
    _sys_write                               0x00000ca9   Thumb Code    16  sys_io.o(.text)
    _sys_read                                0x00000cb9   Thumb Code    14  sys_io.o(.text)
    _sys_istty                               0x00000cc7   Thumb Code    12  sys_io.o(.text)
    _sys_seek                                0x00000cd3   Thumb Code    14  sys_io.o(.text)
    _sys_ensure                              0x00000ce1   Thumb Code     2  sys_io.o(.text)
    _sys_flen                                0x00000ce3   Thumb Code    12  sys_io.o(.text)
    __user_setup_stackheap                   0x00000cef   Thumb Code    62  sys_stackheap_outer.o(.text)
    free                                     0x00000d2d   Thumb Code    76  h1_free.o(.text)
    setvbuf                                  0x00000d79   Thumb Code    72  setvbuf.o(.text)
    freopen                                  0x00000dc5   Thumb Code   148  fopen.o(.text)
    fopen                                    0x00000e59   Thumb Code    76  fopen.o(.text)
    _fclose_internal                         0x00000ead   Thumb Code    72  fclose.o(.text)
    fclose                                   0x00000ead   Thumb Code     0  fclose.o(.text)
    exit                                     0x00000ef9   Thumb Code    16  exit.o(.text)
    __rt_SIGRTRED                            0x00000f09   Thumb Code    12  defsig_rtred_outer.o(.text)
    _memset_w                                0x00000f15   Thumb Code    26  rt_memclr.o(.text)
    _memset                                  0x00000f2f   Thumb Code    30  rt_memclr.o(.text)
    __aeabi_memclr                           0x00000f4d   Thumb Code     4  rt_memclr.o(.text)
    __rt_memclr                              0x00000f4d   Thumb Code     0  rt_memclr.o(.text)
    __aeabi_memclr4                          0x00000f51   Thumb Code     0  rt_memclr.o(.text)
    __aeabi_memclr8                          0x00000f51   Thumb Code     0  rt_memclr.o(.text)
    __rt_memclr_w                            0x00000f51   Thumb Code     4  rt_memclr.o(.text)
    __user_libspace                          0x00000f55   Thumb Code     8  libspace.o(.text)
    __user_perproc_libspace                  0x00000f55   Thumb Code     0  libspace.o(.text)
    __user_perthread_libspace                0x00000f55   Thumb Code     0  libspace.o(.text)
    __I$use$semihosting                      0x00000f5d   Thumb Code     0  use_no_semi.o(.text)
    __use_no_semihosting_swi                 0x00000f5d   Thumb Code     2  use_no_semi.o(.text)
    __semihosting_library_function           0x00000f5f   Thumb Code     0  indicate_semi.o(.text)
    __rt_heap_descriptor                     0x00000f61   Thumb Code     8  rt_heap_descriptor_intlibspace.o(.text)
    __use_no_heap                            0x00000f69   Thumb Code     2  hguard.o(.text)
    __heap$guard                             0x00000f6b   Thumb Code     2  hguard.o(.text)
    _terminate_user_alloc                    0x00000f6d   Thumb Code     2  init_alloc.o(.text)
    _init_user_alloc                         0x00000f6f   Thumb Code     2  init_alloc.o(.text)
    __Heap_Full                              0x00000f71   Thumb Code    32  init_alloc.o(.text)
    __Heap_Broken                            0x00000f91   Thumb Code    10  init_alloc.o(.text)
    _init_alloc                              0x00000f9b   Thumb Code    90  init_alloc.o(.text)
    malloc                                   0x00000ff5   Thumb Code    98  h1_alloc.o(.text)
    _fseek                                   0x00001059   Thumb Code   240  fseek.o(.text)
    fseek                                    0x00001059   Thumb Code     0  fseek.o(.text)
    _seterr                                  0x0000114d   Thumb Code    20  stdio.o(.text)
    _writebuf                                0x00001161   Thumb Code    76  stdio.o(.text)
    _fflush                                  0x000011ad   Thumb Code    76  stdio.o(.text)
    _deferredlazyseek                        0x000011f9   Thumb Code    60  stdio.o(.text)
    __sig_exit                               0x0000123d   Thumb Code    12  defsig_exit.o(.text)
    __rt_SIGRTRED_inner                      0x00001249   Thumb Code    14  defsig_rtred_inner.o(.text)
    strlen                                   0x0000127d   Thumb Code    62  strlen.o(.text)
    _sys_exit                                0x000012c1   Thumb Code     8  sys_exit.o(.text)
    __Heap_Initialize                        0x000012cd   Thumb Code    10  h1_init.o(.text)
    __Heap_DescSize                          0x000012d7   Thumb Code     4  h1_init.o(.text)
    __Heap_ProvideMemory                     0x000012db   Thumb Code    52  h1_extend.o(.text)
    _ftell_internal                          0x0000130f   Thumb Code    66  ftell.o(.text)
    ftell                                    0x0000130f   Thumb Code     0  ftell.o(.text)
    __default_signal_display                 0x00001351   Thumb Code    52  defsig_general.o(.text)
    __rt_SIGRTMEM                            0x00001385   Thumb Code    12  defsig_rtmem_outer.o(.text)
    _ttywrch                                 0x00001391   Thumb Code    12  sys_wrch.o(.text)
    __aeabi_errno_addr                       0x0000139d   Thumb Code     8  rt_errno_addr_intlibspace.o(.text)
    __errno$intlibspace                      0x0000139d   Thumb Code     0  rt_errno_addr_intlibspace.o(.text)
    __rt_errno_addr$intlibspace              0x0000139d   Thumb Code     0  rt_errno_addr_intlibspace.o(.text)
    __rt_SIGRTMEM_inner                      0x000013a5   Thumb Code    22  defsig_rtmem_inner.o(.text)
    __ARM_common_switch8                     0x000013f5   Thumb Code    28  system_lpc11xx.o(i.__ARM_common_switch8)
    __stdin_name                             0x00001410   Data           4  sys_io.o(.constdata)
    __stdout_name                            0x00001414   Data           4  sys_io.o(.constdata)
    __stderr_name                            0x00001418   Data           4  sys_io.o(.constdata)
    Region$$Table$$Base                      0x0000141c   Number         0  anon$$obj.o(Region$$Table)
    Region$$Table$$Limit                     0x0000143c   Number         0  anon$$obj.o(Region$$Table)
    SystemCoreClock                          0x10000000   Data           4  system_lpc11xx.o(.data)
    __aeabi_stdin                            0x10000004   Data           4  stdio_streams.o(.data)
    __aeabi_stdout                           0x10000008   Data           4  stdio_streams.o(.data)
    __aeabi_stderr                           0x1000000c   Data           4  stdio_streams.o(.data)
    __stdin                                  0x10000010   Data          84  stdio_streams.o(.bss)
    __stdout                                 0x10000064   Data          84  stdio_streams.o(.bss)
    __stderr                                 0x100000b8   Data          84  stdio_streams.o(.bss)
    __libspace_start                         0x1000010c   Data          96  libspace.o(.bss)
    __temporary_stack_top$libspace           0x1000016c   Data           0  libspace.o(.bss)



==============================================================================

Memory Map of the image

  Image Entry point : 0x00000275

  Load Region LR_1 (Base: 0x00000000, Size: 0x0000144c, Max: 0xffffffff, ABSOLUTE)

    Execution Region ER_RO (Base: 0x00000000, Size: 0x0000143c, Max: 0xffffffff, ABSOLUTE)

    Base Addr    Size         Type   Attr      Idx    E Section Name        Object

    0x00000000   0x000000c0   Data   RO          313    RESET               startup_lpc11xx.o
    0x000000c0   0x00000008   Code   RO          391  * !!!main             c_p.l(__main.o)
    0x000000c8   0x0000003c   Code   RO          726    !!!scatter          c_p.l(__scatter.o)
    0x00000104   0x0000001a   Code   RO          728    !!handler_copy      c_p.l(__scatter_copy.o)
    0x0000011e   0x00000002   PAD
    0x00000120   0x0000001c   Code   RO          730    !!handler_zi        c_p.l(__scatter_zi.o)
    0x0000013c   0x00000002   Code   RO          380    .ARM.Collect$$_printf_percent$$00000000  c_p.l(_printf_percent.o)
    0x0000013e   0x0000000a   Code   RO          379    .ARM.Collect$$_printf_percent$$00000009  c_p.l(_printf_d.o)
    0x00000148   0x00000004   Code   RO          402    .ARM.Collect$$_printf_percent$$00000017  c_p.l(_printf_percent_end.o)
    0x0000014c   0x00000002   Code   RO          534    .ARM.Collect$$libinit$$00000000  c_p.l(libinit.o)
    0x0000014e   0x00000000   Code   RO          536    .ARM.Collect$$libinit$$00000002  c_p.l(libinit2.o)
    0x0000014e   0x00000000   Code   RO          538    .ARM.Collect$$libinit$$00000004  c_p.l(libinit2.o)
    0x0000014e   0x00000008   Code   RO          539    .ARM.Collect$$libinit$$00000005  c_p.l(libinit2.o)
    0x00000156   0x00000000   Code   RO          541    .ARM.Collect$$libinit$$0000000A  c_p.l(libinit2.o)
    0x00000156   0x00000000   Code   RO          543    .ARM.Collect$$libinit$$0000000C  c_p.l(libinit2.o)
    0x00000156   0x00000000   Code   RO          545    .ARM.Collect$$libinit$$0000000E  c_p.l(libinit2.o)
    0x00000156   0x00000000   Code   RO          548    .ARM.Collect$$libinit$$00000011  c_p.l(libinit2.o)
    0x00000156   0x00000000   Code   RO          550    .ARM.Collect$$libinit$$00000013  c_p.l(libinit2.o)
    0x00000156   0x00000000   Code   RO          552    .ARM.Collect$$libinit$$00000015  c_p.l(libinit2.o)
    0x00000156   0x00000000   Code   RO          554    .ARM.Collect$$libinit$$00000017  c_p.l(libinit2.o)
    0x00000156   0x00000000   Code   RO          556    .ARM.Collect$$libinit$$00000019  c_p.l(libinit2.o)
    0x00000156   0x00000000   Code   RO          558    .ARM.Collect$$libinit$$0000001B  c_p.l(libinit2.o)
    0x00000156   0x00000000   Code   RO          560    .ARM.Collect$$libinit$$0000001D  c_p.l(libinit2.o)
    0x00000156   0x00000000   Code   RO          562    .ARM.Collect$$libinit$$0000001F  c_p.l(libinit2.o)
    0x00000156   0x00000000   Code   RO          564    .ARM.Collect$$libinit$$00000021  c_p.l(libinit2.o)
    0x00000156   0x00000000   Code   RO          566    .ARM.Collect$$libinit$$00000023  c_p.l(libinit2.o)
    0x00000156   0x00000004   Code   RO          567    .ARM.Collect$$libinit$$00000024  c_p.l(libinit2.o)
    0x0000015a   0x00000000   Code   RO          568    .ARM.Collect$$libinit$$00000025  c_p.l(libinit2.o)
    0x0000015a   0x00000000   Code   RO          572    .ARM.Collect$$libinit$$0000002C  c_p.l(libinit2.o)
    0x0000015a   0x00000000   Code   RO          574    .ARM.Collect$$libinit$$0000002E  c_p.l(libinit2.o)
    0x0000015a   0x00000000   Code   RO          576    .ARM.Collect$$libinit$$00000030  c_p.l(libinit2.o)
    0x0000015a   0x00000000   Code   RO          578    .ARM.Collect$$libinit$$00000032  c_p.l(libinit2.o)
    0x0000015a   0x00000002   Code   RO          579    .ARM.Collect$$libinit$$00000033  c_p.l(libinit2.o)
    0x0000015c   0x00000002   Code   RO          707    .ARM.Collect$$libshutdown$$00000000  c_p.l(libshutdown.o)
    0x0000015e   0x00000000   Code   RO          581    .ARM.Collect$$libshutdown$$00000002  c_p.l(libshutdown2.o)
    0x0000015e   0x00000004   Code   RO          582    .ARM.Collect$$libshutdown$$00000003  c_p.l(libshutdown2.o)
    0x00000162   0x00000000   Code   RO          583    .ARM.Collect$$libshutdown$$00000004  c_p.l(libshutdown2.o)
    0x00000162   0x00000000   Code   RO          586    .ARM.Collect$$libshutdown$$00000007  c_p.l(libshutdown2.o)
    0x00000162   0x00000000   Code   RO          589    .ARM.Collect$$libshutdown$$0000000A  c_p.l(libshutdown2.o)
    0x00000162   0x00000000   Code   RO          591    .ARM.Collect$$libshutdown$$0000000C  c_p.l(libshutdown2.o)
    0x00000162   0x00000000   Code   RO          594    .ARM.Collect$$libshutdown$$0000000F  c_p.l(libshutdown2.o)
    0x00000162   0x00000002   Code   RO          595    .ARM.Collect$$libshutdown$$00000010  c_p.l(libshutdown2.o)
    0x00000164   0x00000000   Code   RO          393    .ARM.Collect$$rtentry$$00000000  c_p.l(__rtentry.o)
    0x00000164   0x00000000   Code   RO          412    .ARM.Collect$$rtentry$$00000002  c_p.l(__rtentry2.o)
    0x00000164   0x00000006   Code   RO          424    .ARM.Collect$$rtentry$$00000004  c_p.l(__rtentry4.o)
    0x0000016a   0x00000000   Code   RO          414    .ARM.Collect$$rtentry$$00000009  c_p.l(__rtentry2.o)
    0x0000016a   0x00000004   Code   RO          415    .ARM.Collect$$rtentry$$0000000A  c_p.l(__rtentry2.o)
    0x0000016e   0x00000000   Code   RO          417    .ARM.Collect$$rtentry$$0000000C  c_p.l(__rtentry2.o)
    0x0000016e   0x00000008   Code   RO          418    .ARM.Collect$$rtentry$$0000000D  c_p.l(__rtentry2.o)
    0x00000176   0x00000002   Code   RO          603    .ARM.Collect$$rtexit$$00000000  c_p.l(rtexit.o)
    0x00000178   0x00000000   Code   RO          653    .ARM.Collect$$rtexit$$00000002  c_p.l(rtexit2.o)
    0x00000178   0x00000004   Code   RO          654    .ARM.Collect$$rtexit$$00000003  c_p.l(rtexit2.o)
    0x0000017c   0x00000006   Code   RO          655    .ARM.Collect$$rtexit$$00000004  c_p.l(rtexit2.o)
    0x00000182   0x00000002   PAD
    0x00000184   0x00000000   Code   RO          659    .emb_text           c_p.l(maybetermalloc1.o)
    0x00000184   0x00000018   Code   RO            3    .text               test.o
    0x0000019c   0x000000d8   Code   RO          174    .text               timer.o
    0x00000274   0x00000034   Code   RO          315  * .text               startup_lpc11xx.o
    0x000002a8   0x0000001c   Code   RO          353    .text               c_p.l(noretval__2printf.o)
    0x000002c4   0x00000006   Code   RO          389    .text               c_p.l(heapauxi.o)
    0x000002ca   0x00000002   PAD
    0x000002cc   0x00000028   Code   RO          400    .text               c_p.l(_printf_char_file.o)
    0x000002f4   0x00000008   Code   RO          430    .text               c_p.l(ferror.o)
    0x000002fc   0x00000004   Code   RO          314    .ARM.__at_0x02FC    startup_lpc11xx.o
    0x00000300   0x00000100   Code   RO          244    .text               uart.o
    0x00000400   0x000001bc   Code   RO          290    .text               dht.o
    0x000005bc   0x00000254   Code   RO          323    .text               system_lpc11xx.o
    0x00000810   0x0000006c   Code   RO          355    .text               c_p.l(__printf.o)
    0x0000087c   0x0000006c   Code   RO          357    .text               c_p.l(_printf_dec.o)
    0x000008e8   0x0000015a   Code   RO          385    .text               c_p.l(aeabi_sdiv.o)
    0x00000a42   0x000000b0   Code   RO          398    .text               c_p.l(_printf_intcommon.o)
    0x00000af2   0x00000028   Code   RO          409    .text               c_p.l(rtudiv10.o)
    0x00000b1a   0x00000002   PAD
    0x00000b1c   0x00000030   Code   RO          428    .text               c_p.l(_printf_char_common.o)
    0x00000b4c   0x0000013c   Code   RO          432    .text               c_p.l(initio.o)
    0x00000c88   0x00000066   Code   RO          438    .text               c_p.l(sys_io.o)
    0x00000cee   0x0000003e   Code   RO          445    .text               c_p.l(sys_stackheap_outer.o)
    0x00000d2c   0x0000004c   Code   RO          450    .text               c_p.l(h1_free.o)
    0x00000d78   0x0000004c   Code   RO          506    .text               c_p.l(setvbuf.o)
    0x00000dc4   0x000000e8   Code   RO          509    .text               c_p.l(fopen.o)
    0x00000eac   0x0000004c   Code   RO          511    .text               c_p.l(fclose.o)
    0x00000ef8   0x00000010   Code   RO          517    .text               c_p.l(exit.o)
    0x00000f08   0x0000000c   Code   RO          523    .text               c_p.l(defsig_rtred_outer.o)
    0x00000f14   0x00000040   Code   RO          527    .text               c_p.l(rt_memclr.o)
    0x00000f54   0x00000008   Code   RO          596    .text               c_p.l(libspace.o)
    0x00000f5c   0x00000002   Code   RO          599    .text               c_p.l(use_no_semi.o)
    0x00000f5e   0x00000000   Code   RO          601    .text               c_p.l(indicate_semi.o)
    0x00000f5e   0x00000002   PAD
    0x00000f60   0x00000008   Code   RO          610    .text               c_p.l(rt_heap_descriptor_intlibspace.o)
    0x00000f68   0x00000004   Code   RO          612    .text               c_p.l(hguard.o)
    0x00000f6c   0x00000088   Code   RO          614    .text               c_p.l(init_alloc.o)
    0x00000ff4   0x00000062   Code   RO          620    .text               c_p.l(h1_alloc.o)
    0x00001056   0x00000002   PAD
    0x00001058   0x000000f4   Code   RO          634    .text               c_p.l(fseek.o)
    0x0000114c   0x000000f0   Code   RO          636    .text               c_p.l(stdio.o)
    0x0000123c   0x0000000c   Code   RO          638    .text               c_p.l(defsig_exit.o)
    0x00001248   0x00000034   Code   RO          642    .text               c_p.l(defsig_rtred_inner.o)
    0x0000127c   0x00000044   Code   RO          644    .text               c_p.l(strlen.o)
    0x000012c0   0x0000000c   Code   RO          650    .text               c_p.l(sys_exit.o)
    0x000012cc   0x0000000e   Code   RO          661    .text               c_p.l(h1_init.o)
    0x000012da   0x00000034   Code   RO          663    .text               c_p.l(h1_extend.o)
    0x0000130e   0x00000042   Code   RO          669    .text               c_p.l(ftell.o)
    0x00001350   0x00000034   Code   RO          673    .text               c_p.l(defsig_general.o)
    0x00001384   0x0000000c   Code   RO          675    .text               c_p.l(defsig_rtmem_outer.o)
    0x00001390   0x0000000c   Code   RO          688    .text               c_p.l(sys_wrch.o)
    0x0000139c   0x00000008   Code   RO          695    .text               c_p.l(rt_errno_addr_intlibspace.o)
    0x000013a4   0x00000050   Code   RO          701    .text               c_p.l(defsig_rtmem_inner.o)
    0x000013f4   0x0000001c   Code   RO          341    i.__ARM_common_switch8  system_lpc11xx.o
    0x00001410   0x00000004   Data   RO          439    .constdata          c_p.l(sys_io.o)
    0x00001414   0x00000004   Data   RO          440    .constdata          c_p.l(sys_io.o)
    0x00001418   0x00000004   Data   RO          441    .constdata          c_p.l(sys_io.o)
    0x0000141c   0x00000020   Data   RO          724    Region$$Table       anon$$obj.o


    Execution Region ER_RW (Base: 0x10000000, Size: 0x00000010, Max: 0xffffffff, ABSOLUTE)

    Base Addr    Size         Type   Attr      Idx    E Section Name        Object

    0x10000000   0x00000004   Data   RW          324    .data               system_lpc11xx.o
    0x10000004   0x00000004   Data   RW          406    .data               c_p.l(stdio_streams.o)
    0x10000008   0x00000004   Data   RW          407    .data               c_p.l(stdio_streams.o)
    0x1000000c   0x00000004   Data   RW          408    .data               c_p.l(stdio_streams.o)


    Execution Region ER_ZI (Base: 0x10000010, Size: 0x00000360, Max: 0xffffffff, ABSOLUTE)

    Base Addr    Size         Type   Attr      Idx    E Section Name        Object

    0x10000010   0x00000054   Zero   RW          403    .bss                c_p.l(stdio_streams.o)
    0x10000064   0x00000054   Zero   RW          404    .bss                c_p.l(stdio_streams.o)
    0x100000b8   0x00000054   Zero   RW          405    .bss                c_p.l(stdio_streams.o)
    0x1000010c   0x00000060   Zero   RW          597    .bss                c_p.l(libspace.o)
    0x1000016c   0x00000004   PAD
    0x10000170   0x00000000   Zero   RW          312    HEAP                startup_lpc11xx.o
    0x10000170   0x00000200   Zero   RW          311    STACK               startup_lpc11xx.o


==============================================================================

Image component sizes


      Code (inc. data)   RO Data    RW Data    ZI Data      Debug   Object Name

       444         70          0          0          0       1217   dht.o
        56         26        192          0        512        808   startup_lpc11xx.o
       624         96          0          4          0       2341   system_lpc11xx.o
        24          0          0          0          0       6155   test.o
       216         18          0          0          0        636   timer.o
       256         12          0          0          0       1364   uart.o

    ----------------------------------------------------------------------
      1620        222        224          4        512      12521   Object Totals
         0          0         32          0          0          0   (incl. Generated)
         0          0          0          0          0          0   (incl. Padding)

    ----------------------------------------------------------------------

      Code (inc. data)   RO Data    RW Data    ZI Data      Debug   Library Member Name

         8          0          0          0          0         68   __main.o
       108          0          0          0          0         76   __printf.o
         0          0          0          0          0          0   __rtentry.o
        12          0          0          0          0          0   __rtentry2.o
         6          0          0          0          0          0   __rtentry4.o
        60          8          0          0          0          0   __scatter.o
        26          0          0          0          0          0   __scatter_copy.o
        28          0          0          0          0          0   __scatter_zi.o
        48          6          0          0          0         88   _printf_char_common.o
        40          6          0          0          0         72   _printf_char_file.o
        10          0          0          0          0          0   _printf_d.o
       108         18          0          0          0         76   _printf_dec.o
       176          0          0          0          0         84   _printf_intcommon.o
         2          0          0          0          0          0   _printf_percent.o
         4          0          0          0          0          0   _printf_percent_end.o
       346          0          0          0          0         92   aeabi_sdiv.o
        12          0          0          0          0         68   defsig_exit.o
        52          0          0          0          0         72   defsig_general.o
        80         58          0          0          0         68   defsig_rtmem_inner.o
        12          0          0          0          0         68   defsig_rtmem_outer.o
        52         38          0          0          0         68   defsig_rtred_inner.o
        12          0          0          0          0         68   defsig_rtred_outer.o
        16          0          0          0          0         68   exit.o
        76          4          0          0          0         76   fclose.o
         8          0          0          0          0         60   ferror.o
       232          8          0          0          0        108   fopen.o
       244          4          0          0          0         76   fseek.o
        66          0          0          0          0         68   ftell.o
        98          0          0          0          0         72   h1_alloc.o
        52          0          0          0          0         68   h1_extend.o
        76          0          0          0          0         72   h1_free.o
        14          0          0          0          0         76   h1_init.o
         6          0          0          0          0        136   heapauxi.o
         4          0          0          0          0        120   hguard.o
         0          0          0          0          0          0   indicate_semi.o
       136          0          0          0          0        160   init_alloc.o
       316         44          0          0          0         96   initio.o
         2          0          0          0          0          0   libinit.o
        14          0          0          0          0          0   libinit2.o
         2          0          0          0          0          0   libshutdown.o
         6          0          0          0          0          0   libshutdown2.o
         8          4          0          0         96         68   libspace.o
         0          0          0          0          0          0   maybetermalloc1.o
        28          6          0          0          0         84   noretval__2printf.o
         8          4          0          0          0         68   rt_errno_addr_intlibspace.o
         8          4          0          0          0         68   rt_heap_descriptor_intlibspace.o
        64          0          0          0          0        108   rt_memclr.o
         2          0          0          0          0          0   rtexit.o
        10          0          0          0          0          0   rtexit2.o
        40          0          0          0          0         60   rtudiv10.o
        76          4          0          0          0         72   setvbuf.o
       240          8          0          0          0        144   stdio.o
         0          0          0         12        252          0   stdio_streams.o
        68          6          0          0          0         72   strlen.o
        12          4          0          0          0         60   sys_exit.o
       102          0         12          0          0        232   sys_io.o
        62          0          0          0          0         80   sys_stackheap_outer.o
        12          0          0          0          0         68   sys_wrch.o
         2          0          0          0          0         68   use_no_semi.o

    ----------------------------------------------------------------------
      3324        234         12         12        352       3476   Library Totals
        12          0          0          0          4          0   (incl. Padding)

    ----------------------------------------------------------------------

      Code (inc. data)   RO Data    RW Data    ZI Data      Debug   Library Name

      3312        234         12         12        348       3476   c_p.l

    ----------------------------------------------------------------------
      3324        234         12         12        352       3476   Library Totals

    ----------------------------------------------------------------------

==============================================================================


      Code (inc. data)   RO Data    RW Data    ZI Data      Debug   

      4944        456        236         16        864      14033   Grand Totals
      4944        456        236         16        864      14033   ELF Image Totals
      4944        456        236         16          0          0   ROM Totals

==============================================================================

    Total RO  Size (Code + RO Data)                 5180 (   5.06kB)
    Total RW  Size (RW Data + ZI Data)               880 (   0.86kB)
    Total ROM Size (Code + RO Data + RW Data)       5196 (   5.07kB)

==============================================================================

